Microchip MPLAB XC8 Compiler V1.36 ()

Linker command line:

-W-3 --edf=C:\Program Files (x86)\Microchip\xc8\v1.36\dat\en_msgs.txt -cs \
  -h+dist/default/production\ISC-1_N3.X.production.sym \
  --cmf=dist/default/production\ISC-1_N3.X.production.cmf -z -Q18F46J13 \
  -oC:\Users\R&D\AppData\Local\Temp\s2go.2 \
  -Mdist/default/production/ISC-1_N3.X.production.map -E1 -ver=XC8 \
  -ASTACK=05F8h-0eafh -pstack=STACK -ACODE=00h-0FFF7h -ACONST=00h-0FFF7h \
  -ASMALLCONST=0F00h-0FFFhx240,0FF00h-0FFF7h -AMEDIUMCONST=0F00h-0FFF7h \
  -ACOMRAM=01h-05Fh -AABS1=00h-0EAFh -ABIGRAM=01h-0EAFh \
  -ARAM=060h-0FFh,0100h-01FFhx13,0E00h-0EAFh -ABANK0=060h-0FFh \
  -ABANK1=0100h-01FFh -ABANK2=0200h-02FFh -ABANK3=0300h-03FFh \
  -ABANK4=0400h-04FFh -ABANK5=0500h-05FFh -ABANK6=0600h-06FFh \
  -ABANK7=0700h-07FFh -ABANK8=0800h-08FFh -ABANK9=0900h-09FFh \
  -ABANK10=0A00h-0AFFh -ABANK11=0B00h-0BFFh -ABANK12=0C00h-0CFFh \
  -ABANK13=0D00h-0DFFh -ABANK14=0E00h-0EAFh \
  -ASFR=0EB0h-0EFFh,0F00h-0F5Fh,0F60h-0FFFh \
  -preset_vec=00h,intcode=08h,intcodelo,powerup,init,end_init \
  -pramtop=0F00h -psmallconst=SMALLCONST -pmediumconst=MEDIUMCONST \
  -pconst=CONST -AFARRAM=00h-00h -ACONFIG=0FFF8h-0FFFFh -pconfig=CONFIG \
  -pjflash_buffer=0F800h \
  -prdata=COMRAM,nvrram=COMRAM,nvbit=COMRAM,rbss=COMRAM,rbit=COMRAM \
  -pfarbss=FARRAM,fardata=FARRAM,nvFARRAM=FARRAM \
  -pintsave_regs=BIGRAM,bigbss=BIGRAM,bigdata=BIGRAM -pbss=RAM \
  -pidata=CODE,irdata=CODE,ibigdata=CODE,ifardata=CODE -prparam=COMRAM \
  C:\Users\R&D\AppData\Local\Temp\s2go.obj \
  dist/default/production\ISC-1_N3.X.production.obj 

Object code version is 3.11

Machine type is 18F46J13

Call graph: (short form)




                Name                               Link     Load   Length Selector   Space Scale
C:\Users\R&D\AppData\Local\Temp\s2go.obj
                end_init                             D0       D0        4        4       0
                reset_vec                             0        0        4        0       0
                config                             FFF8     FFF8        8     FFF8       0
dist/default/production\ISC-1_N3.X.production.obj
                intcode                               8        8       C8        4       0
                temp                                 5E       5E        1        1       1
                text85                             2FC4     2FC4        E        4       0
                text84                             2E32     2E32       22        4       0
                text83                             2D38     2D38       2E        4       0
                text82                             2CDA     2CDA       30        4       0
                text81                             2ECC     2ECC       1E        4       0
                text80                             2C78     2C78       32        4       0
                text79                             240E     240E       A0        4       0
                text78                             299C     299C       48        4       0
                text77                             278A     278A       64        4       0
                text76                             20AC     20AC       BC        4       0
                text75                             1450     1450      15C        4       0
                text74                             2FF6     2FF6        C        4       0
                text73                             2D92     2D92       2C        4       0
                text72                             2BD6     2BD6       38        4       0
                text71                             2B9E     2B9E       38        4       0
                text70                             2EAE     2EAE       1E        4       0
                text69                             28B2     28B2       54        4       0
                text68                             12E8     12E8      168        4       0
                text67                             2F48     2F48       16        4       0
                text66                             10FE     10FE      1EA        4       0
                text65                             2F32     2F32       16        4       0
                text64                             1FE8     1FE8       C4        4       0
                text63                             2A6C     2A6C       42        4       0
                text62                             2DE8     2DE8       26        4       0
                text61                             1838     1838      118        4       0
                text60                             2F1A     2F1A       18        4       0
                text59                              B4E      B4E      3A8        4       0
                text58                             2906     2906       4C        4       0
                text57                             2D66     2D66       2C        4       0
                text56                             3022     3022        6        4       0
                text55                             301C     301C        6        4       0
                text54                               D4       D4      67E        4       0
                text53                             2FEA     2FEA        C        4       0
                text52                             26AC     26AC       70        4       0
                text51                             2CAA     2CAA       30        4       0
                text49                             2F96     2F96       12        4       0
                text48                             2F84     2F84       12        4       0
                text47                             2B2A     2B2A       3C        4       0
                text46                             15AC     15AC      158        4       0
                text45                             3002     3002        8        4       0
                text44                             2E90     2E90       1E        4       0
                text43                             22CA     22CA       A4        4       0
                text42                             1C6A     1C6A       FC        4       0
                text41                             2E0E     2E0E       24        4       0
                text40                             2952     2952       4A        4       0
                text39                             2F5E     2F5E       14        4       0
                text38                             2FDE     2FDE        C        4       0
                text37                             2C44     2C44       34        4       0
                text36                             2AAE     2AAE       40        4       0
                text35                             2A2A     2A2A       42        4       0
                text34                             221E     221E       AC        4       0
                text33                             1E4E     1E4E       D0        4       0
                text32                             2E72     2E72       1E        4       0
                text31                             2FB6     2FB6        E        4       0
                text30                             2546     2546       7E        4       0
                text29                             3016     3016        6        4       0
                text28                             271C     271C       6E        4       0
                text27                             2E54     2E54       1E        4       0
                text26                             2C0E     2C0E       36        4       0
                text25                             2FD2     2FD2        C        4       0
                text24                             1950     1950      10C        4       0
                text23                             2B66     2B66       38        4       0
                text22                             1704     1704      134        4       0
                text21                             1B66     1B66      104        4       0
                text20                             2168     2168       B6        4       0
                text19                             1D66     1D66       E8        4       0
                text18                             29E4     29E4       46        4       0
                text17                             2AEE     2AEE       3C        4       0
                text16                             2638     2638       74        4       0
                text15                             2F02     2F02       18        4       0
                text14                             3010     3010        6        4       0
                text13                             25C4     25C4       74        4       0
                text12                             2D0A     2D0A       2E        4       0
                text11                             1F1E     1F1E       CA        4       0
                text10                             2F72     2F72       12        4       0
                text9                              2FA8     2FA8        E        4       0
                text8                              24AE     24AE       98        4       0
                text7                               752      752      3FC        4       0
                text6                              2DBE     2DBE       2A        4       0
                text5                              1A5C     1A5C      10A        4       0
                text4                              2850     2850       62        4       0
                text3                              236E     236E       A0        4       0
                text2                               EF6      EF6      208        4       0
                text1                              300A     300A        6        4       0
                text0                              2EEA     2EEA       18        4       0
                cstackCOMRAM                          1        1       35        1       1
                cstackBANK0                          60       60       6F       60       1
                cstackBANK1                         100      100       84      100       1
                bssBANK5                            500      500       F8      500       1
                bssBANK4                            400      400       7C      400       1
                bssBANK3                            300      300       F0      300       1
                bssBANK2                            200      200       9A      200       1
                bssBANK1                            184      184       3C      100       1
                bssBANK0                             CF       CF        F       60       1
                bssCOMRAM                            36       36       28        1       1
                cinit                              27EE     27EE       62        4       0

TOTAL           Name                               Link     Load   Length     Space
        CLASS   STACK          

        CLASS   CODE           
                end_init                             D0       D0        4         0
                intcode                               8        8       C8         0
                reset_vec                             0        0        4         0
                text85                             2FC4     2FC4        E         0
                text84                             2E32     2E32       22         0
                text83                             2D38     2D38       2E         0
                text82                             2CDA     2CDA       30         0
                text81                             2ECC     2ECC       1E         0
                text80                             2C78     2C78       32         0
                text79                             240E     240E       A0         0
                text78                             299C     299C       48         0
                text77                             278A     278A       64         0
                text76                             20AC     20AC       BC         0
                text75                             1450     1450      15C         0
                text74                             2FF6     2FF6        C         0
                text73                             2D92     2D92       2C         0
                text72                             2BD6     2BD6       38         0
                text71                             2B9E     2B9E       38         0
                text70                             2EAE     2EAE       1E         0
                text69                             28B2     28B2       54         0
                text68                             12E8     12E8      168         0
                text67                             2F48     2F48       16         0
                text66                             10FE     10FE      1EA         0
                text65                             2F32     2F32       16         0
                text64                             1FE8     1FE8       C4         0
                text63                             2A6C     2A6C       42         0
                text62                             2DE8     2DE8       26         0
                text61                             1838     1838      118         0
                text60                             2F1A     2F1A       18         0
                text59                              B4E      B4E      3A8         0
                text58                             2906     2906       4C         0
                text57                             2D66     2D66       2C         0
                text56                             3022     3022        6         0
                text55                             301C     301C        6         0
                text54                               D4       D4      67E         0
                text53                             2FEA     2FEA        C         0
                text52                             26AC     26AC       70         0
                text51                             2CAA     2CAA       30         0
                text49                             2F96     2F96       12         0
                text48                             2F84     2F84       12         0
                text47                             2B2A     2B2A       3C         0
                text46                             15AC     15AC      158         0
                text45                             3002     3002        8         0
                text44                             2E90     2E90       1E         0
                text43                             22CA     22CA       A4         0
                text42                             1C6A     1C6A       FC         0
                text41                             2E0E     2E0E       24         0
                text40                             2952     2952       4A         0
                text39                             2F5E     2F5E       14         0
                text38                             2FDE     2FDE        C         0
                text37                             2C44     2C44       34         0
                text36                             2AAE     2AAE       40         0
                text35                             2A2A     2A2A       42         0
                text34                             221E     221E       AC         0
                text33                             1E4E     1E4E       D0         0
                text32                             2E72     2E72       1E         0
                text31                             2FB6     2FB6        E         0
                text30                             2546     2546       7E         0
                text29                             3016     3016        6         0
                text28                             271C     271C       6E         0
                text27                             2E54     2E54       1E         0
                text26                             2C0E     2C0E       36         0
                text25                             2FD2     2FD2        C         0
                text24                             1950     1950      10C         0
                text23                             2B66     2B66       38         0
                text22                             1704     1704      134         0
                text21                             1B66     1B66      104         0
                text20                             2168     2168       B6         0
                text19                             1D66     1D66       E8         0
                text18                             29E4     29E4       46         0
                text17                             2AEE     2AEE       3C         0
                text16                             2638     2638       74         0
                text15                             2F02     2F02       18         0
                text14                             3010     3010        6         0
                text13                             25C4     25C4       74         0
                text12                             2D0A     2D0A       2E         0
                text11                             1F1E     1F1E       CA         0
                text10                             2F72     2F72       12         0
                text9                              2FA8     2FA8        E         0
                text8                              24AE     24AE       98         0
                text7                               752      752      3FC         0
                text6                              2DBE     2DBE       2A         0
                text5                              1A5C     1A5C      10A         0
                text4                              2850     2850       62         0
                text3                              236E     236E       A0         0
                text2                               EF6      EF6      208         0
                text1                              300A     300A        6         0
                text0                              2EEA     2EEA       18         0
                cinit                              27EE     27EE       62         0

        CLASS   CONST          

        CLASS   SMALLCONST     

        CLASS   MEDIUMCONST    

        CLASS   COMRAM         
                temp                                 5E       5E        1         1
                cstackCOMRAM                          1        1       35         1
                bssCOMRAM                            36       36       28         1

        CLASS   ABS1           

        CLASS   BIGRAM         

        CLASS   RAM            

        CLASS   BANK0          
                cstackBANK0                          60       60       6F         1
                bssBANK0                             CF       CF        F         1

        CLASS   BANK1          
                cstackBANK1                         100      100       84         1
                bssBANK1                            184      184       3C         1

        CLASS   BANK2          
                bssBANK2                            200      200       9A         1

        CLASS   BANK3          
                bssBANK3                            300      300       F0         1

        CLASS   BANK4          
                bssBANK4                            400      400       7C         1

        CLASS   BANK5          
                bssBANK5                            500      500       F8         1

        CLASS   BANK6          

        CLASS   BANK7          

        CLASS   BANK8          

        CLASS   BANK9          

        CLASS   BANK10         

        CLASS   BANK11         

        CLASS   BANK12         

        CLASS   BANK13         

        CLASS   BANK14         

        CLASS   SFR            

        CLASS   FARRAM         

        CLASS   CONFIG         
                config                             FFF8     FFF8        8         0

        CLASS   IDLOC          



SEGMENTS        Name                           Load    Length   Top    Selector   Space  Class

                reset_vec                      000000  000004  000004         0       0  CODE    
                cstackCOMRAM                   000001  00005E  00005F         1       1  COMRAM  
                intcode                        000008  003020  003028         4       0  CODE    
                cstackBANK0                    000060  00007E  0000DE        60       1  BANK0   
                cstackBANK1                    000100  0000C0  0001C0       100       1  BANK1   
                bssBANK2                       000200  00009A  00029A       200       1  BANK2   
                bssBANK3                       000300  0000F0  0003F0       300       1  BANK3   
                bssBANK4                       000400  00007C  00047C       400       1  BANK4   
                bssBANK5                       000500  0000F8  0005F8       500       1  BANK5   
                config                         00FFF8  000008  010000      FFF8       0  CONFIG  


UNUSED ADDRESS RANGES

        Name                Unused          Largest block    Delta
        BANK0            000DE-000FF              22
        BANK1            001C0-001FF              40
        BANK10           00A00-00AFF             100
        BANK11           00B00-00BFF             100
        BANK12           00C00-00CFF             100
        BANK13           00D00-00DFF             100
        BANK14           00E00-00EAF              B0
        BANK2            0029A-002FF              66
        BANK3            003F0-003FF              10
        BANK4            0047C-004FF              84
        BANK5            005F8-005FF               8
        BANK6            00600-006FF             100
        BANK7            00700-007FF             100
        BANK8            00800-008FF             100
        BANK9            00900-009FF             100
        BIGRAM           0005F-0005F               1
                         000DE-000FF              22
                         001C0-001FF              40
                         0029A-002FF              66
                         003F0-003FF              10
                         0047C-004FF              84
                         005F8-00EAF             8B8
        CODE             00004-00007               4
                         03028-0FFF7            CFD0
        COMRAM           0005F-0005F               1
        CONST            00004-00007               4
                         03028-0FFF7            CFD0
        MEDIUMCONST      03028-0FFF7            CFD0
        RAM              000DE-000FF              22
                         001C0-001FF              40
                         0029A-002FF              66
                         003F0-003FF              10
                         0047C-004FF              84
                         005F8-00EAF             100
        SFR              00EB0-00FFF              60
        SMALLCONST       03028-0FFF7             100
        STACK            005F8-00EAF             8B8

                                  Symbol Table

?_CRC16                                        cstackBANK0   00060
?_GetLastPacketNumber                          cstackBANK0   00060
?_MangleSerial                                 cstackBANK0   00060
?_PacketDataST7540                             cstackBANK0   00060
?_PacketReadParamST7540                        cstackBANK0   00075
?_ReadAnalogVoltage                            cstackCOMRAM  00001
?___wmul                                       cstackCOMRAM  00001
AssignWindowID@newWindowUC                     cstackCOMRAM  00018
AssignWindowID@serialNumberUS                  cstackCOMRAM  00016
BoosterCommandStart@destCommandUC              cstackCOMRAM  00009
BoosterCommandStart@destPayloadUC              cstackCOMRAM  0000A
BoosterCommandStart@destSerialUS               cstackCOMRAM  00007
BoosterDataCommandComms@bitsReadUCS            bssCOMRAM     00043
BoosterDataCommandComms@cableFaultModeUCS      bssCOMRAM     00044
BoosterDataCommandComms@cableTestUCS           bssCOMRAM     00045
BoosterDataCommandComms@commsADCValueUS        cstackCOMRAM  00014
BoosterDataCommandComms@commsBitsSentUCS       bssCOMRAM     00046
BoosterDataCommandComms@counterCommsStatusUSS  bssCOMRAM     00039
BoosterDataCommandComms@counterSyncStatusUSS   bssCOMRAM     0003B
BoosterDataCommandComms@framesReceivedPhaseUCS bssCOMRAM     00047
BoosterDataCommandComms@lvlCountUCS            bssCOMRAM     00048
BoosterDataCommandComms@recvFrameUSS           bssBANK0      000D2
BoosterDataCommandComms@syncModeUCS            bssCOMRAM     00049
BoosterQueryStart@queryValUC                   cstackCOMRAM  00001
CRC16@crc                                      cstackBANK0   0006B
CRC16@data                                     cstackBANK0   00068
CRC16@data_p                                   cstackBANK0   00060
CRC16@i                                        cstackBANK0   0006A
CRC16@length                                   cstackBANK0   00062
CheckBoosterRXParity@bitCountUC                cstackCOMRAM  00006
CheckBoosterRXParity@bitParityUC               cstackCOMRAM  00005
CheckBoosterRXParity@recvFrameUS               cstackCOMRAM  00001
CheckBoosterRXParity@tmpRecvFrameUS            cstackCOMRAM  00003
CheckCRCST7540@expectedCRCUS                   cstackBANK0   00070
CheckCRCST7540@packetLenUC                     cstackBANK0   00074
CheckCRCST7540@receivedCRCUS                   cstackBANK0   00072
CheckDataCollision@boosterCountUC              cstackCOMRAM  00001
CheckLineFault@activeWindowCounter             cstackCOMRAM  00009
CheckLineFault@i                               cstackCOMRAM  0000F
CheckLineFault@i_1610                          cstackCOMRAM  0000D
CheckLineFault@lineVoltUS                      cstackCOMRAM  0000B
ClearPacketNumbers@iscCountUC                  cstackBANK0   00060
ClearPastValue@valuePosUC                      cstackBANK0   00060
ClearPastValues@boosterCountUC                 cstackBANK0   00061
CollisionCheck@delayValueUS                    cstackBANK0   0006F
CreateAndSend@commandUC                        cstackBANK0   00080
CreateAndSend@dataBuf                          cstackBANK0   00082
CreateAndSend@dataLenUC                        cstackBANK0   00081
CreateAndSend@nextPacketNumberUS               cstackBANK0   00084
CreateAndSend@packetDestUS                     cstackBANK0   0007E
CreateAndSend@packetSourceUS                   cstackBANK0   0007C
CreateMessageST7540@commandUC                  cstackBANK0   00071
CreateMessageST7540@dataBuf                    cstackBANK0   00073
CreateMessageST7540@dataBufLocUC               cstackBANK0   00079
CreateMessageST7540@dataLenUC                  cstackBANK0   00072
CreateMessageST7540@packetCRCUS                cstackBANK0   00077
CreateMessageST7540@packetDestUS               cstackBANK0   0006F
CreateMessageST7540@packetSourceUS             cstackBANK0   0006D
FlashEraseBlock@flashAddressUS                 cstackBANK0   00060
FlashEraseBlock@intStatusUC                    cstackBANK0   00062
FlashReadAddress@flashAddressUS                cstackBANK0   00060
FlashWriteWord@flashAddressUS                  cstackBANK0   00060
FlashWriteWord@intStatusUC                     cstackBANK0   00064
FlashWriteWord@lsbUC                           cstackBANK0   00062
FlashWriteWord@msbUC                           cstackBANK0   00063
ForceFiringMode@forceModeUC                    cstackBANK0   00062
GetLastPacketNumber@iscCountUC                 cstackBANK0   00064
GetLastPacketNumber@srcSerialUS                cstackBANK0   00060
GetPacketSlot@saveSlotC                        cstackBANK0   00064
GetPacketSlot@srcSerialUS                      cstackBANK0   00060
IdlePacketSlot@iscCountC                       cstackBANK0   00062
InitST7540@configDataRXUS                      cstackBANK0   00076
InitST7540@configDataTXUS                      cstackBANK0   00070
InitST7540@frameDataRXUS                       cstackBANK0   00073
InitST7540@frameDataTXUS                       cstackBANK0   0006D
InitST7540Wrapper@initCountUC                  cstackBANK0   00079
LowestIdleWindow@boosterCountUC                cstackCOMRAM  00003
MangleSerial@b0UC                              cstackBANK0   00067
MangleSerial@b10UC                             cstackBANK0   0006C
MangleSerial@b12UC                             cstackBANK0   0006D
MangleSerial@b1UC                              cstackBANK0   00068
MangleSerial@b2UC                              cstackBANK0   00069
MangleSerial@b4UC                              cstackBANK0   0006A
MangleSerial@b6UC                              cstackBANK0   0006B
MangleSerial@cycleCountUC                      cstackBANK0   0006E
MangleSerial@mangleValueUS                     cstackBANK0   00060
MangleSerial@xorOutputUC                       cstackBANK0   00066
PacketReadParamST7540@paramName                cstackBANK0   00079
PacketReadParamST7540@retValueUS               cstackBANK0   0007A
ProcessMasterComms@currentPacketNumberUS       cstackBANK0   000C8
ProcessMasterComms@destSerialUS                cstackBANK0   000CA
ProcessMasterComms@recvCmdUC                   cstackBANK0   000CE
ProcessMasterComms@respSerialUS                cstackBANK0   000CC
ProcessPingCMD@respSerialUS                    cstackBANK0   00086
ProcessRXFrame@frameNumUC                      cstackCOMRAM  00009
ProcessRXFrame@parityCheckUC                   cstackCOMRAM  00011
ProcessRXFrame@recvFrameUS                     cstackCOMRAM  00007
ProcessSerialCMD@boosterCountUC                cstackBANK0   000C7
ProcessSerialCMD@boosterIndexUC                cstackBANK0   000C6
ProcessSerialCMD@respSerialUS                  cstackBANK0   00086
ProcessSerialCMD@serialListUSA                 cstackBANK0   0008A
QueryWinSerial@i                               cstackCOMRAM  0001D
QueryWinSerial@j                               cstackCOMRAM  0001C
QueryWinSerial@serialNumberUS                  cstackCOMRAM  0001A
ReadAnalogVoltage@channelC                     cstackCOMRAM  00003
ReadConfigST7540@bitsReceivedUC                cstackBANK0   00068
ReadConfigST7540@configDataUS                  cstackBANK0   00062
ReadConfigST7540@discardUC                     cstackBANK0   00067
ReadConfigST7540@frameDataUS                   cstackBANK0   00060
ReadEarthLeakage@earthLeakageValueUS           cstackCOMRAM  00004
ReadKeySwitch@keySwitchValueUS                 cstackCOMRAM  00004
ReceiveNewDataST7540@discardUC                 cstackBANK0   00060
ResetBoosterStates@boosterCountUC              cstackBANK0   00061
ResetSingleBoosterState@boosterNumberUC        cstackBANK0   00060
RetransmitMessageSt7540@commandUC              cstackBANK0   00082
RetransmitMessageSt7540@dataBuf                cstackBANK0   00080
RetransmitMessageSt7540@oldPacketNumberUC      cstackBANK0   00083
RetransmitMessageSt7540@packetDataLenUC        cstackBANK0   00084
RetransmitMessageSt7540@packetDestUS           cstackBANK0   0007E
RetransmitMessageSt7540@packetSourceUS         cstackBANK0   0007C
ReturnBoosterData@allRespUSA                   cstackBANK1   0013E
ReturnBoosterData@boosterCountUC               cstackBANK1   00183
ReturnBoosterData@commandValUC                 cstackBANK1   00180
ReturnBoosterData@dataValUC                    cstackBANK1   00182
ReturnBoosterData@iscStatusUC                  cstackBANK1   0017E
ReturnBoosterData@partRespUSA                  cstackBANK1   00100
ReturnBoosterData@respCountUC                  cstackBANK1   0017F
ReturnBoosterData@respSerialUS                 cstackBANK0   00086
ReturnBoosterData@windowCompareUS              cstackBANK1   0017C
ReturnBoosterData@wordCountUC                  cstackBANK1   00181
SPIISRHandlerST7540@dataReadUC                 cstackCOMRAM  00001
SavePacketNumber@packetNumberUC                cstackBANK0   00067
SavePacketNumber@saveSlotC                     cstackBANK0   0006A
SavePacketNumber@srcSerialUS                   cstackBANK0   00065
SetIsolationRelay@relayStateUC                 cstackBANK0   00060
SetSerialNumber@dataBufUSP                     cstackBANK0   0008C
SetSerialNumber@respSerialUS                   cstackBANK0   00086
SetWindowID@currentBitUCS                      bssCOMRAM     0005C
SetWindowID@currentSerialUSS                   bssCOMRAM     00058
SetWindowID@statusSetIDUCS                     bssCOMRAM     0005D
StartTransmitST7540@discardUC                  cstackBANK0   00060
UpdatePacketNumber@packetNumberS               cstackBANK0   0006D
UpdatePacketNumber@pastPacketNumberS           cstackBANK0   00074
UpdatePacketNumber@serialNumberUS              cstackBANK0   0006B
WaitTickCount@tickCountUS                      cstackBANK0   00060
WindowIDBacktrack@currentBitUC                 cstackCOMRAM  00016
WindowIDBacktrack@currentSerialUS              cstackCOMRAM  00018
WindowIDBacktrack@statusSetIDUC                cstackCOMRAM  0001A
WriteConfigST7540@bitsSentUC                   cstackBANK0   0006C
WriteConfigST7540@configDataUS                 cstackBANK0   00065
WriteConfigST7540@discardUC                    cstackBANK0   0006B
WriteConfigST7540@frameDataUS                  cstackBANK0   00062
_ADCON0bits                                    (abs)         00FC2
_ADCON1bits                                    (abs)         00FC1
_ADRES                                         (abs)         00FC3
_ANCON0bits                                    (abs)         00F48
_ANCON1bits                                    (abs)         00F49
_AssignSerialNumber                            text70        02EAE
_AssignWindowID                                text69        028B2
_BoosterCommandStart                           text79        0240E
_BoosterCommsActive                            text85        02FC4
_BoosterCommsDispatcher                        text64        01FE8
_BoosterDataCommandComms                       text54        000D4
_BoosterQueryStart                             text84        02E32
_CRC16                                         text22        01704
_CheckBoosterRXParity                          text80        02C78
_CheckCRCST7540                                text20        02168
_CheckDataCollision                            text83        02D38
_CheckLineFault                                text61        01838
_ClearPacketNumbers                            text40        02952
_ClearPastValue                                text28        0271C
_ClearPastValues                               text27        02E54
_CollisionCheck                                text23        02B66
_CreateAndSend                                 text13        025C4
_CreateMessageST7540                           text21        01B66
_DataReadyST7540                               text29        03016
_EECON1bits                                    (abs)         00FA6
_EECON2                                        (abs)         00FA7
_FlashEraseBlock                               text37        02C44
_FlashReadAddress                              text39        02F5E
_FlashUnlockSequence                           text38        02FDE
_FlashWriteWord                                text36        02AAE
_ForceFiringMode                               text26        02C0E
_GetLastPacketNumber                           text4         02850
_GetPacketSlot                                 text18        029E4
_INTCONbits                                    (abs)         00FF2
_ISO_COUNTER                                   bssCOMRAM     0004A
_IdlePacketSlot                                text17        02AEE
_InitEarthLeakage                              text60        02F1A
_InitST7540                                    text42        01C6A
_InitST7540Pins                                text47        02B2A
_InitST7540Wrapper                             text41        02E0E
_InitStates                                    text31        02FB6
_InitSystem                                    text30        02546
_LATAbits                                      (abs)         00F89
_LATBbits                                      (abs)         00F8A
_LATCbits                                      (abs)         00F8B
_LATDbits                                      (abs)         00F8C
_LATEbits                                      (abs)         00F8D
_LineIdleST7540                                text25        02FD2
_LowestIdleWindow                              text82        02CDA
_LowestMissingSerial                           text78        0299C
_MangleSerial                                  text24        01950
_MangleSerial$2745                             cstackBANK0   00064
_NewBoosterAdded                               text81        02ECC
_OSCCONbits                                    (abs)         00FD3
_OSCTUNEbits                                   (abs)         00F9B
_PIE1bits                                      (abs)         00F9D
_PIE3bits                                      (abs)         00FA3
_PIR1bits                                      (abs)         00F9E
_PIR3bits                                      (abs)         00FA4
_PORTBbits                                     (abs)         00F81
_PORTCbits                                     (abs)         00F82
_PORTDbits                                     (abs)         00F83
_PPSCONbits                                    (abs)         00EBF
_PPSLockFunc                                   text49        02F96
_PPSUnlockFunc                                 text48        02F84
_PR2                                           (abs)         00FCB
_PacketDataST7540                              text9         02FA8
_PacketReadParamST7540                         text19        01D66
_ProcessMasterComms                            text2         00EF6
_ProcessPingCMD                                text12        02D0A
_ProcessRXFrame                                text59        00B4E
_ProcessSerialCMD                              text11        01F1E
_QueryFailureCounter                           bssCOMRAM     0004B
_QueryWinSerial                                text75        01450
_RPINR21                                       (abs)         00EFC
_RPINR22                                       (abs)         00EFD
_RPOR21                                        (abs)         00ED5
_RXReadyISRHandlerST7540                       text53        02FEA
_ReadAnalogVoltage                             text63        02A6C
_ReadConfigST7540                              text46        015AC
_ReadEarthLeakage                              text58        02906
_ReadFlashValues                               text34        0221E
_ReadKeySwitch                                 text57        02D66
_ReceiveNewDataST7540                          text10        02F72
_ResetBoosterStates                            text32        02E72
_ResetSingleBoosterState                       text33        01E4E
_RetransmitMessageSt7540                       text8         024AE
_ReturnBoosterData                             text7         00752
_SPIISRHandlerST7540                           text52        026AC
_SSP2BUF                                       (abs)         00F75
_SSP2CON1bits                                  (abs)         00F72
_SSP2STATbits                                  (abs)         00F73
_SavePacketNumber                              text16        02638
_SetCommsHigh                                  text1         0300A
_SetCommsLow                                   text56        03022
_SetIsolationRelay                             text6         02DBE
_SetSerialNumber                               text5         01A5C
_SetWindowID                                   text66        010FE
_StartTransmitST7540                           text15        02F02
_T2CONbits                                     (abs)         00FCA
_TABLAT                                        (abs)         00FF5
_TBLPTRH                                       (abs)         00FF7
_TBLPTRL                                       (abs)         00FF6
_TBLPTRU                                       (abs)         00FF8
_TRISAbits                                     (abs)         00F92
_TRISBbits                                     (abs)         00F93
_TRISCbits                                     (abs)         00F94
_TRISDbits                                     (abs)         00F95
_TRISEbits                                     (abs)         00F96
_TransmitBusyST7540                            text14        03010
_UpdatePacketNumber                            text3         0236E
_WaitNewTick                                   text45        03002
_WaitTickCount                                 text44        02E90
_WindowIDBacktrack                             text68        012E8
_WriteConfigST7540                             text43        022CA
_WriteFlashValues                              text35        02A2A
__CFG_ADCSEL$BIT10                             (abs)         00000
__CFG_CFGPLLEN$OFF                             (abs)         00000
__CFG_CLKOEC$OFF                               (abs)         00000
__CFG_CP0$OFF                                  (abs)         00000
__CFG_DSBOREN$ON                               (abs)         00000
__CFG_DSWDTEN$ON                               (abs)         00000
__CFG_DSWDTOSC$INTOSCREF                       (abs)         00000
__CFG_DSWDTPS$G2                               (abs)         00000
__CFG_FCMEN$ON                                 (abs)         00000
__CFG_IESO$ON                                  (abs)         00000
__CFG_IOL1WAY$OFF                              (abs)         00000
__CFG_MSSP7B_EN$MSK7                           (abs)         00000
__CFG_OSC$INTOSCPLL                            (abs)         00000
__CFG_PLLDIV$2                                 (abs)         00000
__CFG_PLLSEL$PLL96                             (abs)         00000
__CFG_RTCOSC$INTOSCREF                         (abs)         00000
__CFG_SOSCSEL$HIGH                             (abs)         00000
__CFG_STVREN$ON                                (abs)         00000
__CFG_WDTEN$OFF                                (abs)         00000
__CFG_WDTPS$32768                              (abs)         00000
__CFG_WPCFG$OFF                                (abs)         00000
__CFG_WPDIS$OFF                                (abs)         00000
__CFG_WPEND$PAGE_WPFP                          (abs)         00000
__CFG_WPFP$PAGE_63                             (abs)         00000
__CFG_XINST$OFF                                (abs)         00000
__HRAM                                         (abs)         00000
__Habs1                                        abs1          00000
__Hbank0                                       bank0         00000
__Hbank1                                       bank1         00000
__Hbank10                                      bank10        00000
__Hbank11                                      bank11        00000
__Hbank12                                      bank12        00000
__Hbank13                                      bank13        00000
__Hbank14                                      bank14        00000
__Hbank2                                       bank2         00000
__Hbank3                                       bank3         00000
__Hbank4                                       bank4         00000
__Hbank5                                       bank5         00000
__Hbank6                                       bank6         00000
__Hbank7                                       bank7         00000
__Hbank8                                       bank8         00000
__Hbank9                                       bank9         00000
__Hbigbss                                      bigbss        00000
__Hbigdata                                     bigdata       00000
__Hbigram                                      bigram        00000
__Hbss                                         bss           00000
__HbssBANK0                                    bssBANK0      00000
__HbssBANK1                                    bssBANK1      00000
__HbssBANK2                                    bssBANK2      00000
__HbssBANK3                                    bssBANK3      00000
__HbssBANK4                                    bssBANK4      00000
__HbssBANK5                                    bssBANK5      00000
__HbssCOMRAM                                   bssCOMRAM     00000
__Hcinit                                       cinit         00000
__Hclrtext                                     clrtext       00000
__Hcomram                                      comram        00000
__Hconfig                                      config        10000
__Hconst                                       const         00000
__HcstackBANK0                                 cstackBANK0   00000
__HcstackBANK1                                 cstackBANK1   00000
__HcstackCOMRAM                                cstackCOMRAM  00000
__Hdata                                        data          00000
__Hend_init                                    end_init      000D4
__Hfarbss                                      farbss        00000
__Hfardata                                     fardata       00000
__Hibigdata                                    ibigdata      00000
__Hidata                                       idata         00000
__Hidloc                                       idloc         00000
__Hifardata                                    ifardata      00000
__Hinit                                        init          000D0
__Hintcode                                     intcode       000D0
__Hintcode_body                                intcode_body  00000
__Hintcodelo                                   intcodelo     000D0
__Hintentry                                    intentry      00000
__Hintret                                      intret        00000
__Hintsave_regs                                intsave_regs  00000
__Hirdata                                      irdata        00000
__Hjflash_buffer                               jflash_buffer 0F800
__Hmediumconst                                 mediumconst   00000
__HnvFARRAM                                    nvFARRAM      00000
__Hnvbit                                       nvbit         00000
__Hnvrram                                      nvrram        00000
__Hparam                                       rparam        00000
__Hpowerup                                     powerup       000D0
__Hram                                         ram           00000
__Hramtop                                      ramtop        00F00
__Hrbit                                        rbit          00000
__Hrbss                                        rbss          00000
__Hrdata                                       rdata         00000
__Hreset_vec                                   reset_vec     00004
__Hrparam                                      rparam        00000
__Hsfr                                         sfr           00000
__Hsmallconst                                  smallconst    00000
__Hspace_0                                     (abs)         10000
__Hspace_1                                     (abs)         005F8
__Hspace_2                                     (abs)         00000
__Hstack                                       stack         00000
__Hstruct                                      struct        00000
__Htemp                                        temp          0005F
__Htext                                        text          00000
__Htext0                                       text0         00000
__Htext1                                       text1         00000
__Htext10                                      text10        00000
__Htext11                                      text11        00000
__Htext12                                      text12        00000
__Htext13                                      text13        00000
__Htext14                                      text14        00000
__Htext15                                      text15        00000
__Htext16                                      text16        00000
__Htext17                                      text17        00000
__Htext18                                      text18        00000
__Htext19                                      text19        00000
__Htext2                                       text2         00000
__Htext20                                      text20        00000
__Htext21                                      text21        00000
__Htext22                                      text22        00000
__Htext23                                      text23        00000
__Htext24                                      text24        00000
__Htext25                                      text25        00000
__Htext26                                      text26        00000
__Htext27                                      text27        00000
__Htext28                                      text28        00000
__Htext29                                      text29        00000
__Htext3                                       text3         00000
__Htext30                                      text30        00000
__Htext31                                      text31        00000
__Htext32                                      text32        00000
__Htext33                                      text33        00000
__Htext34                                      text34        00000
__Htext35                                      text35        00000
__Htext36                                      text36        00000
__Htext37                                      text37        00000
__Htext38                                      text38        00000
__Htext39                                      text39        00000
__Htext4                                       text4         00000
__Htext40                                      text40        00000
__Htext41                                      text41        00000
__Htext42                                      text42        00000
__Htext43                                      text43        00000
__Htext44                                      text44        00000
__Htext45                                      text45        00000
__Htext46                                      text46        00000
__Htext47                                      text47        00000
__Htext48                                      text48        00000
__Htext49                                      text49        00000
__Htext5                                       text5         00000
__Htext51                                      text51        00000
__Htext52                                      text52        00000
__Htext53                                      text53        00000
__Htext54                                      text54        00000
__Htext55                                      text55        00000
__Htext56                                      text56        00000
__Htext57                                      text57        00000
__Htext58                                      text58        00000
__Htext59                                      text59        00000
__Htext6                                       text6         00000
__Htext60                                      text60        00000
__Htext61                                      text61        00000
__Htext62                                      text62        00000
__Htext63                                      text63        00000
__Htext64                                      text64        00000
__Htext65                                      text65        00000
__Htext66                                      text66        00000
__Htext67                                      text67        00000
__Htext68                                      text68        00000
__Htext69                                      text69        00000
__Htext7                                       text7         00000
__Htext70                                      text70        00000
__Htext71                                      text71        00000
__Htext72                                      text72        00000
__Htext73                                      text73        00000
__Htext74                                      text74        00000
__Htext75                                      text75        00000
__Htext76                                      text76        00000
__Htext77                                      text77        00000
__Htext78                                      text78        00000
__Htext79                                      text79        00000
__Htext8                                       text8         00000
__Htext80                                      text80        00000
__Htext81                                      text81        00000
__Htext82                                      text82        00000
__Htext83                                      text83        00000
__Htext84                                      text84        00000
__Htext85                                      text85        00000
__Htext9                                       text9         00000
__LRAM                                         (abs)         00001
__Labs1                                        abs1          00000
__Lbank0                                       bank0         00000
__Lbank1                                       bank1         00000
__Lbank10                                      bank10        00000
__Lbank11                                      bank11        00000
__Lbank12                                      bank12        00000
__Lbank13                                      bank13        00000
__Lbank14                                      bank14        00000
__Lbank2                                       bank2         00000
__Lbank3                                       bank3         00000
__Lbank4                                       bank4         00000
__Lbank5                                       bank5         00000
__Lbank6                                       bank6         00000
__Lbank7                                       bank7         00000
__Lbank8                                       bank8         00000
__Lbank9                                       bank9         00000
__Lbigbss                                      bigbss        00000
__Lbigdata                                     bigdata       00000
__Lbigram                                      bigram        00000
__Lbss                                         bss           00000
__LbssBANK0                                    bssBANK0      00000
__LbssBANK1                                    bssBANK1      00000
__LbssBANK2                                    bssBANK2      00000
__LbssBANK3                                    bssBANK3      00000
__LbssBANK4                                    bssBANK4      00000
__LbssBANK5                                    bssBANK5      00000
__LbssCOMRAM                                   bssCOMRAM     00000
__Lcinit                                       cinit         00000
__Lclrtext                                     clrtext       00000
__Lcomram                                      comram        00000
__Lconfig                                      config        0FFF8
__Lconst                                       const         00000
__LcstackBANK0                                 cstackBANK0   00000
__LcstackBANK1                                 cstackBANK1   00000
__LcstackCOMRAM                                cstackCOMRAM  00000
__Ldata                                        data          00000
__Lend_init                                    end_init      000D0
__Lfarbss                                      farbss        00000
__Lfardata                                     fardata       00000
__Libigdata                                    ibigdata      00000
__Lidata                                       idata         00000
__Lidloc                                       idloc         00000
__Lifardata                                    ifardata      00000
__Linit                                        init          000D0
__Lintcode                                     intcode       00008
__Lintcode_body                                intcode_body  00000
__Lintcodelo                                   intcodelo     000D0
__Lintentry                                    intentry      00000
__Lintret                                      intret        00000
__Lintsave_regs                                intsave_regs  00000
__Lirdata                                      irdata        00000
__Ljflash_buffer                               jflash_buffer 0F800
__Lmediumconst                                 mediumconst   00000
__LnvFARRAM                                    nvFARRAM      00000
__Lnvbit                                       nvbit         00000
__Lnvrram                                      nvrram        00000
__Lparam                                       rparam        00000
__Lpowerup                                     powerup       000D0
__Lram                                         ram           00000
__Lramtop                                      ramtop        00F00
__Lrbit                                        rbit          00000
__Lrbss                                        rbss          00000
__Lrdata                                       rdata         00000
__Lreset_vec                                   reset_vec     00000
__Lrparam                                      rparam        00000
__Lsfr                                         sfr           00000
__Lsmallconst                                  smallconst    00000
__Lspace_0                                     (abs)         00000
__Lspace_1                                     (abs)         00000
__Lspace_2                                     (abs)         00000
__Lstack                                       stack         00000
__Lstruct                                      struct        00000
__Ltemp                                        temp          0005E
__Ltext                                        text          00000
__Ltext0                                       text0         00000
__Ltext1                                       text1         00000
__Ltext10                                      text10        00000
__Ltext11                                      text11        00000
__Ltext12                                      text12        00000
__Ltext13                                      text13        00000
__Ltext14                                      text14        00000
__Ltext15                                      text15        00000
__Ltext16                                      text16        00000
__Ltext17                                      text17        00000
__Ltext18                                      text18        00000
__Ltext19                                      text19        00000
__Ltext2                                       text2         00000
__Ltext20                                      text20        00000
__Ltext21                                      text21        00000
__Ltext22                                      text22        00000
__Ltext23                                      text23        00000
__Ltext24                                      text24        00000
__Ltext25                                      text25        00000
__Ltext26                                      text26        00000
__Ltext27                                      text27        00000
__Ltext28                                      text28        00000
__Ltext29                                      text29        00000
__Ltext3                                       text3         00000
__Ltext30                                      text30        00000
__Ltext31                                      text31        00000
__Ltext32                                      text32        00000
__Ltext33                                      text33        00000
__Ltext34                                      text34        00000
__Ltext35                                      text35        00000
__Ltext36                                      text36        00000
__Ltext37                                      text37        00000
__Ltext38                                      text38        00000
__Ltext39                                      text39        00000
__Ltext4                                       text4         00000
__Ltext40                                      text40        00000
__Ltext41                                      text41        00000
__Ltext42                                      text42        00000
__Ltext43                                      text43        00000
__Ltext44                                      text44        00000
__Ltext45                                      text45        00000
__Ltext46                                      text46        00000
__Ltext47                                      text47        00000
__Ltext48                                      text48        00000
__Ltext49                                      text49        00000
__Ltext5                                       text5         00000
__Ltext51                                      text51        00000
__Ltext52                                      text52        00000
__Ltext53                                      text53        00000
__Ltext54                                      text54        00000
__Ltext55                                      text55        00000
__Ltext56                                      text56        00000
__Ltext57                                      text57        00000
__Ltext58                                      text58        00000
__Ltext59                                      text59        00000
__Ltext6                                       text6         00000
__Ltext60                                      text60        00000
__Ltext61                                      text61        00000
__Ltext62                                      text62        00000
__Ltext63                                      text63        00000
__Ltext64                                      text64        00000
__Ltext65                                      text65        00000
__Ltext66                                      text66        00000
__Ltext67                                      text67        00000
__Ltext68                                      text68        00000
__Ltext69                                      text69        00000
__Ltext7                                       text7         00000
__Ltext70                                      text70        00000
__Ltext71                                      text71        00000
__Ltext72                                      text72        00000
__Ltext73                                      text73        00000
__Ltext74                                      text74        00000
__Ltext75                                      text75        00000
__Ltext76                                      text76        00000
__Ltext77                                      text77        00000
__Ltext78                                      text78        00000
__Ltext79                                      text79        00000
__Ltext8                                       text8         00000
__Ltext80                                      text80        00000
__Ltext81                                      text81        00000
__Ltext82                                      text82        00000
__Ltext83                                      text83        00000
__Ltext84                                      text84        00000
__Ltext85                                      text85        00000
__Ltext9                                       text9         00000
__S0                                           (abs)         10000
__S1                                           (abs)         005F8
__S2                                           (abs)         00000
___inthi_sp                                    stack         00000
___intlo_sp                                    stack         00000
___param_bank                                  (abs)         00010
___rparam_used                                 (abs)         00001
___sp                                          stack         00000
___wmul                                        text62        02DE8
___wmul@multiplicand                           cstackCOMRAM  00003
___wmul@multiplier                             cstackCOMRAM  00001
___wmul@product                                cstackCOMRAM  00005
__accesstop                                    (abs)         00060
__activetblptr                                 (abs)         00002
__end_of_AssignSerialNumber                    text70        02ECC
__end_of_AssignWindowID                        text69        02906
__end_of_BoosterCommandStart                   text79        024AE
__end_of_BoosterCommsActive                    text85        02FD2
__end_of_BoosterCommsDispatcher                text64        020AC
__end_of_BoosterDataCommandComms               text54        00752
__end_of_BoosterQueryStart                     text84        02E54
__end_of_CRC16                                 text22        01838
__end_of_CheckBoosterRXParity                  text80        02CAA
__end_of_CheckCRCST7540                        text20        0221E
__end_of_CheckDataCollision                    text83        02D66
__end_of_CheckLineFault                        text61        01950
__end_of_ClearPacketNumbers                    text40        0299C
__end_of_ClearPastValue                        text28        0278A
__end_of_ClearPastValues                       text27        02E72
__end_of_CollisionCheck                        text23        02B9E
__end_of_CreateAndSend                         text13        02638
__end_of_CreateMessageST7540                   text21        01C6A
__end_of_DataReadyST7540                       text29        0301C
__end_of_FlashEraseBlock                       text37        02C78
__end_of_FlashReadAddress                      text39        02F72
__end_of_FlashUnlockSequence                   text38        02FEA
__end_of_FlashWriteWord                        text36        02AEE
__end_of_ForceFiringMode                       text26        02C44
__end_of_GetLastPacketNumber                   text4         028B2
__end_of_GetPacketSlot                         text18        02A2A
__end_of_IdlePacketSlot                        text17        02B2A
__end_of_InitEarthLeakage                      text60        02F32
__end_of_InitST7540                            text42        01D66
__end_of_InitST7540Pins                        text47        02B66
__end_of_InitST7540Wrapper                     text41        02E32
__end_of_InitStates                            text31        02FC4
__end_of_InitSystem                            text30        025C4
__end_of_LineIdleST7540                        text25        02FDE
__end_of_LowestIdleWindow                      text82        02D0A
__end_of_LowestMissingSerial                   text78        029E4
__end_of_MangleSerial                          text24        01A5C
__end_of_NewBoosterAdded                       text81        02EEA
__end_of_PPSLockFunc                           text49        02FA8
__end_of_PPSUnlockFunc                         text48        02F96
__end_of_PacketDataST7540                      text9         02FB6
__end_of_PacketReadParamST7540                 text19        01E4E
__end_of_ProcessMasterComms                    text2         010FE
__end_of_ProcessPingCMD                        text12        02D38
__end_of_ProcessRXFrame                        text59        00EF6
__end_of_ProcessSerialCMD                      text11        01FE8
__end_of_QueryWinSerial                        text75        015AC
__end_of_RXReadyISRHandlerST7540               text53        02FF6
__end_of_ReadAnalogVoltage                     text63        02AAE
__end_of_ReadConfigST7540                      text46        01704
__end_of_ReadEarthLeakage                      text58        02952
__end_of_ReadFlashValues                       text34        022CA
__end_of_ReadKeySwitch                         text57        02D92
__end_of_ReceiveNewDataST7540                  text10        02F84
__end_of_ResetBoosterStates                    text32        02E90
__end_of_ResetSingleBoosterState               text33        01F1E
__end_of_RetransmitMessageSt7540               text8         02546
__end_of_ReturnBoosterData                     text7         00B4E
__end_of_SPIISRHandlerST7540                   text52        0271C
__end_of_SavePacketNumber                      text16        026AC
__end_of_SetCommsHigh                          text1         03010
__end_of_SetCommsLow                           text56        03028
__end_of_SetIsolationRelay                     text6         02DE8
__end_of_SetSerialNumber                       text5         01B66
__end_of_SetWindowID                           text66        012E8
__end_of_StartTransmitST7540                   text15        02F1A
__end_of_TransmitBusyST7540                    text14        03016
__end_of_UpdatePacketNumber                    text3         0240E
__end_of_WaitNewTick                           text45        0300A
__end_of_WaitTickCount                         text44        02EAE
__end_of_WindowIDBacktrack                     text68        01450
__end_of_WriteConfigST7540                     text43        0236E
__end_of_WriteFlashValues                      text35        02A6C
__end_of___wmul                                text62        02E0E
__end_of__initialization                       cinit         02842
__end_of_isr                                   intcode       000D0
__end_of_main                                  text0         02F02
__end_ofi2_ClearPastValue                      text77        027EE
__end_ofi2_ClearPastValues                     text65        02F48
__end_ofi2_FlashEraseBlock                     text73        02DBE
__end_ofi2_FlashUnlockSequence                 text74        03002
__end_ofi2_FlashWriteWord                      text72        02C0E
__end_ofi2_ForceFiringMode                     text51        02CDA
__end_ofi2_ResetBoosterStates                  text67        02F5E
__end_ofi2_ResetSingleBoosterState             text76        02168
__end_ofi2_SetCommsHigh                        text55        03022
__end_ofi2_WriteFlashValues                    text71        02BD6
__initialization                               cinit         027EE
__mediumconst                                  mediumconst   00000
__pbssBANK0                                    bssBANK0      000CF
__pbssBANK1                                    bssBANK1      00184
__pbssBANK2                                    bssBANK2      00200
__pbssBANK3                                    bssBANK3      00300
__pbssBANK4                                    bssBANK4      00400
__pbssBANK5                                    bssBANK5      00500
__pbssCOMRAM                                   bssCOMRAM     00036
__pcinit                                       cinit         027EE
__pcstackBANK0                                 cstackBANK0   00060
__pcstackBANK1                                 cstackBANK1   00100
__pcstackCOMRAM                                cstackCOMRAM  00001
__pintcode                                     intcode       00008
__ptext0                                       text0         02EEA
__ptext1                                       text1         0300A
__ptext10                                      text10        02F72
__ptext11                                      text11        01F1E
__ptext12                                      text12        02D0A
__ptext13                                      text13        025C4
__ptext14                                      text14        03010
__ptext15                                      text15        02F02
__ptext16                                      text16        02638
__ptext17                                      text17        02AEE
__ptext18                                      text18        029E4
__ptext19                                      text19        01D66
__ptext2                                       text2         00EF6
__ptext20                                      text20        02168
__ptext21                                      text21        01B66
__ptext22                                      text22        01704
__ptext23                                      text23        02B66
__ptext24                                      text24        01950
__ptext25                                      text25        02FD2
__ptext26                                      text26        02C0E
__ptext27                                      text27        02E54
__ptext28                                      text28        0271C
__ptext29                                      text29        03016
__ptext3                                       text3         0236E
__ptext30                                      text30        02546
__ptext31                                      text31        02FB6
__ptext32                                      text32        02E72
__ptext33                                      text33        01E4E
__ptext34                                      text34        0221E
__ptext35                                      text35        02A2A
__ptext36                                      text36        02AAE
__ptext37                                      text37        02C44
__ptext38                                      text38        02FDE
__ptext39                                      text39        02F5E
__ptext4                                       text4         02850
__ptext40                                      text40        02952
__ptext41                                      text41        02E0E
__ptext42                                      text42        01C6A
__ptext43                                      text43        022CA
__ptext44                                      text44        02E90
__ptext45                                      text45        03002
__ptext46                                      text46        015AC
__ptext47                                      text47        02B2A
__ptext48                                      text48        02F84
__ptext49                                      text49        02F96
__ptext5                                       text5         01A5C
__ptext51                                      text51        02CAA
__ptext52                                      text52        026AC
__ptext53                                      text53        02FEA
__ptext54                                      text54        000D4
__ptext55                                      text55        0301C
__ptext56                                      text56        03022
__ptext57                                      text57        02D66
__ptext58                                      text58        02906
__ptext59                                      text59        00B4E
__ptext6                                       text6         02DBE
__ptext60                                      text60        02F1A
__ptext61                                      text61        01838
__ptext62                                      text62        02DE8
__ptext63                                      text63        02A6C
__ptext64                                      text64        01FE8
__ptext65                                      text65        02F32
__ptext66                                      text66        010FE
__ptext67                                      text67        02F48
__ptext68                                      text68        012E8
__ptext69                                      text69        028B2
__ptext7                                       text7         00752
__ptext70                                      text70        02EAE
__ptext71                                      text71        02B9E
__ptext72                                      text72        02BD6
__ptext73                                      text73        02D92
__ptext74                                      text74        02FF6
__ptext75                                      text75        01450
__ptext76                                      text76        020AC
__ptext77                                      text77        0278A
__ptext78                                      text78        0299C
__ptext79                                      text79        0240E
__ptext8                                       text8         024AE
__ptext80                                      text80        02C78
__ptext81                                      text81        02ECC
__ptext82                                      text82        02CDA
__ptext83                                      text83        02D38
__ptext84                                      text84        02E32
__ptext85                                      text85        02FC4
__ptext9                                       text9         02FA8
__ramtop                                       ramtop        00F00
__size_of_AssignSerialNumber                   (abs)         00000
__size_of_AssignWindowID                       (abs)         00000
__size_of_BoosterCommandStart                  (abs)         00000
__size_of_BoosterCommsActive                   (abs)         00000
__size_of_BoosterCommsDispatcher               (abs)         00000
__size_of_BoosterDataCommandComms              (abs)         00000
__size_of_BoosterQueryStart                    (abs)         00000
__size_of_CRC16                                (abs)         00000
__size_of_CheckBoosterRXParity                 (abs)         00000
__size_of_CheckCRCST7540                       (abs)         00000
__size_of_CheckDataCollision                   (abs)         00000
__size_of_CheckLineFault                       (abs)         00000
__size_of_ClearPacketNumbers                   (abs)         00000
__size_of_ClearPastValue                       (abs)         00000
__size_of_ClearPastValues                      (abs)         00000
__size_of_CollisionCheck                       (abs)         00000
__size_of_CreateAndSend                        (abs)         00000
__size_of_CreateMessageST7540                  (abs)         00000
__size_of_DataReadyST7540                      (abs)         00000
__size_of_FlashEraseBlock                      (abs)         00000
__size_of_FlashReadAddress                     (abs)         00000
__size_of_FlashUnlockSequence                  (abs)         00000
__size_of_FlashWriteWord                       (abs)         00000
__size_of_ForceFiringMode                      (abs)         00000
__size_of_GetLastPacketNumber                  (abs)         00000
[...]
      Temps:          4       0       0       0       0       0       0       0       0       0       0       0       0       0       0       0
      Totals:         8       0       0       0       0       0       0       0       0       0       0       0       0       0       0       0
Total ram usage:        8 bytes
 Hardware stack levels used:    1
 Hardware stack levels required when called:    2
 This function calls:
		_BoosterCommandStart
		_LowestMissingSerial
		i2_ClearPastValue
		i2_ResetSingleBoosterState
 This function is called by:
		_BoosterCommsDispatcher
 This function uses a non-reentrant model


 *************** function i2_ResetSingleBoosterState *****************
 Defined at:
		line 577 in file "boostercomms.c"
 Parameters:    Size  Location     Type
  boosterNumbe    1    wreg     unsigned char 
 Auto vars:     Size  Location     Type
  boosterNumbe    1    0[COMRAM] unsigned char 
 Return value:  Size  Location     Type
                  1    wreg      void 
 Registers used:
		wreg, fsr2l, fsr2h, status,2, status,0, prodl, prodh
 Tracked objects:
		On entry : 
		On exit  : 
		Unchanged: 
 Data sizes:     COMRAM   BANK0   BANK1   BANK2   BANK3   BANK4   BANK5   BANK6   BANK7   BANK8   BANK9  BANK10  BANK11  BANK12  BANK13  BANK14
      Params:         0       0       0       0       0       0       0       0       0       0       0       0       0       0       0       0
      Locals:         1       0       0       0       0       0       0       0       0       0       0       0       0       0       0       0
      Temps:          0       0       0       0       0       0       0       0       0       0       0       0       0       0       0       0
      Totals:         1       0       0       0       0       0       0       0       0       0       0       0       0       0       0       0
Total ram usage:        1 bytes
 Hardware stack levels used:    1
 This function calls:
		Nothing
 This function is called by:
		_ProcessRXFrame
		_QueryWinSerial
		i2_ResetBoosterStates
 This function uses a non-reentrant model


 *************** function i2_ClearPastValue *****************
 Defined at:
		line 270 in file "mastercomms.c"
 Parameters:    Size  Location     Type
  valuePosUC      1    wreg     unsigned char 
 Auto vars:     Size  Location     Type
  valuePosUC      1    0[COMRAM] unsigned char 
 Return value:  Size  Location     Type
                  1    wreg      void 
 Registers used:
		wreg, fsr2l, fsr2h, status,2, status,0, prodl, prodh
 Tracked objects:
		On entry : 
		On exit  : 
		Unchanged: 
 Data sizes:     COMRAM   BANK0   BANK1   BANK2   BANK3   BANK4   BANK5   BANK6   BANK7   BANK8   BANK9  BANK10  BANK11  BANK12  BANK13  BANK14
      Params:         0       0       0       0       0       0       0       0       0       0       0       0       0       0       0       0
      Locals:         1       0       0       0       0       0       0       0       0       0       0       0       0       0       0       0
      Temps:          0       0       0       0       0       0       0       0       0       0       0       0       0       0       0       0
      Totals:         1       0       0       0       0       0       0       0       0       0       0       0       0       0       0       0
Total ram usage:        1 bytes
 Hardware stack levels used:    1
 This function calls:
		Nothing
 This function is called by:
		_ProcessRXFrame
		_QueryWinSerial
		i2_ClearPastValues
 This function uses a non-reentrant model


 *************** function _LowestMissingSerial *****************
 Defined at:
		line 741 in file "boostercomms.c"
 Parameters:    Size  Location     Type
		None
 Auto vars:     Size  Location     Type
		None
 Return value:  Size  Location     Type
                  1    wreg      unsigned char 
 Registers used:
		wreg, fsr2l, fsr2h, status,2, status,0, prodl, prodh
 Tracked objects:
		On entry : 
		On exit  : 
		Unchanged: 
 Data sizes:     COMRAM   BANK0   BANK1   BANK2   BANK3   BANK4   BANK5   BANK6   BANK7   BANK8   BANK9  BANK10  BANK11  BANK12  BANK13  BANK14
      Params:         0       0       0       0       0       0       0       0       0       0       0       0       0       0       0       0
      Locals:         0       0       0       0       0       0       0       0       0       0       0       0       0       0       0       0
      Temps:          2       0       0       0       0       0       0       0       0       0       0       0       0       0       0       0
      Totals:         2       0       0       0       0       0       0       0       0       0       0       0       0       0       0       0
Total ram usage:        2 bytes
 Hardware stack levels used:    1
 This function calls:
		Nothing
 This function is called by:
		_QueryWinSerial
		_BoosterCommsDispatcher
 This function uses a non-reentrant model


 *************** function _BoosterCommandStart *****************
 Defined at:
		line 473 in file "boostercomms.c"
 Parameters:    Size  Location     Type
  destSerialUS    2    6[COMRAM] unsigned short 
  destCommandU    1    8[COMRAM] unsigned char 
  destPayloadU    1    9[COMRAM] unsigned char 
 Auto vars:     Size  Location     Type
		None
 Return value:  Size  Location     Type
                  1    wreg      void 
 Registers used:
		wreg, status,2, status,0, cstack
 Tracked objects:
		On entry : 
		On exit  : 
		Unchanged: 
 Data sizes:     COMRAM   BANK0   BANK1   BANK2   BANK3   BANK4   BANK5   BANK6   BANK7   BANK8   BANK9  BANK10  BANK11  BANK12  BANK13  BANK14
      Params:         4       0       0       0       0       0       0       0       0       0       0       0       0       0       0       0
      Locals:         0       0       0       0       0       0       0       0       0       0       0       0       0       0       0       0
      Temps:         11       0       0       0       0       0       0       0       0       0       0       0       0       0       0       0
      Totals:        15       0       0       0       0       0       0       0       0       0       0       0       0       0       0       0
Total ram usage:       15 bytes
 Hardware stack levels used:    1
 Hardware stack levels required when called:    1
 This function calls:
		_BoosterCommsActive
		_CheckBoosterRXParity
 This function is called by:
		_WindowIDBacktrack
		_AssignWindowID
		_AssignSerialNumber
		_SetWindowID
		_QueryWinSerial
		_RunBLCalibration
 This function uses a non-reentrant model


 *************** function _CheckBoosterRXParity *****************
 Defined at:
		line 493 in file "boostercomms.c"
 Parameters:    Size  Location     Type
  recvFrameUS     2    0[COMRAM] unsigned short 
 Auto vars:     Size  Location     Type
  tmpRecvFrame    2    2[COMRAM] unsigned short 
  bitCountUC      1    5[COMRAM] unsigned char 
  bitParityUC     1    4[COMRAM] unsigned char 
 Return value:  Size  Location     Type
                  1    wreg      unsigned char 
 Registers used:
		wreg, status,2, status,0
 Tracked objects:
		On entry : 
		On exit  : 
		Unchanged: 
 Data sizes:     COMRAM   BANK0   BANK1   BANK2   BANK3   BANK4   BANK5   BANK6   BANK7   BANK8   BANK9  BANK10  BANK11  BANK12  BANK13  BANK14
      Params:         2       0       0       0       0       0       0       0       0       0       0       0       0       0       0       0
      Locals:         4       0       0       0       0       0       0       0       0       0       0       0       0       0       0       0
      Temps:          0       0       0       0       0       0       0       0       0       0       0       0       0       0       0       0
      Totals:         6       0       0       0       0       0       0       0       0       0       0       0       0       0       0       0
Total ram usage:        6 bytes
 Hardware stack levels used:    1
 This function calls:
		Nothing
 This function is called by:
		_BoosterCommandStart
		_ProcessRXFrame
 This function uses a non-reentrant model


 *************** function _NewBoosterAdded *****************
 Defined at:
		line 617 in file "boostercomms.c"
 Parameters:    Size  Location     Type
		None
 Auto vars:     Size  Location     Type
		None
 Return value:  Size  Location     Type
                  1    wreg      unsigned char 
 Registers used:
		wreg, fsr2l, fsr2h, status,2, status,0, prodl, prodh, cstack
 Tracked objects:
		On entry : 
		On exit  : 
		Unchanged: 
 Data sizes:     COMRAM   BANK0   BANK1   BANK2   BANK3   BANK4   BANK5   BANK6   BANK7   BANK8   BANK9  BANK10  BANK11  BANK12  BANK13  BANK14
      Params:         0       0       0       0       0       0       0       0       0       0       0       0       0       0       0       0
      Locals:         0       0       0       0       0       0       0       0       0       0       0       0       0       0       0       0
      Temps:          1       0       0       0       0       0       0       0       0       0       0       0       0       0       0       0
      Totals:         1       0       0       0       0       0       0       0       0       0       0       0       0       0       0       0
Total ram usage:        1 bytes
 Hardware stack levels used:    1
 Hardware stack levels required when called:    1
 This function calls:
		_LowestIdleWindow
 This function is called by:
		_BoosterCommsDispatcher
 This function uses a non-reentrant model


 *************** function _LowestIdleWindow *****************
 Defined at:
		line 607 in file "boostercomms.c"
 Parameters:    Size  Location     Type
		None
 Auto vars:     Size  Location     Type
  boosterCount    1    2[COMRAM] unsigned char 
 Return value:  Size  Location     Type
                  1    wreg      unsigned char 
 Registers used:
		wreg, fsr2l, fsr2h, status,2, status,0, prodl, prodh
 Tracked objects:
		On entry : 
		On exit  : 
		Unchanged: 
 Data sizes:     COMRAM   BANK0   BANK1   BANK2   BANK3   BANK4   BANK5   BANK6   BANK7   BANK8   BANK9  BANK10  BANK11  BANK12  BANK13  BANK14
      Params:         0       0       0       0       0       0       0       0       0       0       0       0       0       0       0       0
      Locals:         1       0       0       0       0       0       0       0       0       0       0       0       0       0       0       0
      Temps:          2       0       0       0       0       0       0       0       0       0       0       0       0       0       0       0
      Totals:         3       0       0       0       0       0       0       0       0       0       0       0       0       0       0       0
Total ram usage:        3 bytes
 Hardware stack levels used:    1
 This function calls:
		Nothing
 This function is called by:
		_NewBoosterAdded
		_AssignWindowID
 This function uses a non-reentrant model


 *************** function _CheckDataCollision *****************
 Defined at:
		line 596 in file "boostercomms.c"
 Parameters:    Size  Location     Type
		None
 Auto vars:     Size  Location     Type
  boosterCount    1    0[COMRAM] unsigned char 
 Return value:  Size  Location     Type
                  1    wreg      unsigned char 
 Registers used:
		wreg, fsr2l, fsr2h, status,2, status,0, prodl, prodh
 Tracked objects:
		On entry : 
		On exit  : 
		Unchanged: 
 Data sizes:     COMRAM   BANK0   BANK1   BANK2   BANK3   BANK4   BANK5   BANK6   BANK7   BANK8   BANK9  BANK10  BANK11  BANK12  BANK13  BANK14
      Params:         0       0       0       0       0       0       0       0       0       0       0       0       0       0       0       0
      Locals:         1       0       0       0       0       0       0       0       0       0       0       0       0       0       0       0
      Temps:          0       0       0       0       0       0       0       0       0       0       0       0       0       0       0       0
      Totals:         1       0       0       0       0       0       0       0       0       0       0       0       0       0       0       0
Total ram usage:        1 bytes
 Hardware stack levels used:    1
 This function calls:
		Nothing
 This function is called by:
		_BoosterCommsDispatcher
 This function uses a non-reentrant model


 *************** function _BoosterQueryStart *****************
 Defined at:
		line 464 in file "boostercomms.c"
 Parameters:    Size  Location     Type
  queryValUC      1    wreg     unsigned char 
 Auto vars:     Size  Location     Type
  queryValUC      1    0[COMRAM] unsigned char 
 Return value:  Size  Location     Type
                  1    wreg      void 
 Registers used:
		wreg, status,2, status,0, cstack
 Tracked objects:
		On entry : 
		On exit  : 
		Unchanged: 
 Data sizes:     COMRAM   BANK0   BANK1   BANK2   BANK3   BANK4   BANK5   BANK6   BANK7   BANK8   BANK9  BANK10  BANK11  BANK12  BANK13  BANK14
      Params:         0       0       0       0       0       0       0       0       0       0       0       0       0       0       0       0
      Locals:         1       0       0       0       0       0       0       0       0       0       0       0       0       0       0       0
      Temps:          0       0       0       0       0       0       0       0       0       0       0       0       0       0       0       0
      Totals:         1       0       0       0       0       0       0       0       0       0       0       0       0       0       0       0
Total ram usage:        1 bytes
 Hardware stack levels used:    1
 Hardware stack levels required when called:    1
 This function calls:
		_BoosterCommsActive
 This function is called by:
		_BoosterCommsDispatcher
 This function uses a non-reentrant model


 *************** function _BoosterCommsActive *****************
 Defined at:
		line 458 in file "boostercomms.c"
 Parameters:    Size  Location     Type
		None
 Auto vars:     Size  Location     Type
		None
 Return value:  Size  Location     Type
                  1    wreg      unsigned char 
 Registers used:
		wreg, status,2
 Tracked objects:
		On entry : 
		On exit  : 
		Unchanged: 
 Data sizes:     COMRAM   BANK0   BANK1   BANK2   BANK3   BANK4   BANK5   BANK6   BANK7   BANK8   BANK9  BANK10  BANK11  BANK12  BANK13  BANK14
      Params:         0       0       0       0       0       0       0       0       0       0       0       0       0       0       0       0
      Locals:         0       0       0       0       0       0       0       0       0       0       0       0       0       0       0       0
      Temps:          0       0       0       0       0       0       0       0       0       0       0       0       0       0       0       0
      Totals:         0       0       0       0       0       0       0       0       0       0       0       0       0       0       0       0
Total ram usage:        0 bytes
 Hardware stack levels used:    1
 This function calls:
		Nothing
 This function is called by:
		_BoosterQueryStart
		_BoosterCommandStart
		_BoosterCommsDispatcher
 This function uses a non-reentrant model



MODULE INFORMATION

Module		Function		Class		Link	Load	Size
boostercomms.c
		_WindowIDBacktrack		CODE           	12E8	0000	361
		_CheckDataCollision		CODE           	2D38	0000	47
		_BoosterDataCommandComms		CODE           	00D4	0000	1663
		_LowestIdleWindow		CODE           	2CDA	0000	49
		_CheckBoosterRXParity		CODE           	2C78	0000	51
		_SetWindowID   		CODE           	10FE	0000	491
		_BoosterQueryStart		CODE           	2E32	0000	35
		_BoosterCommsDispatcher		CODE           	1FE8	0000	197
		_SetCommsLow   		CODE           	3022	0000	7
		_ResetBoosterStates		CODE           	2E72	0000	31
		_AssignSerialNumber		CODE           	2EAE	0000	31
		_BoosterCommsActive		CODE           	2FC4	0000	15
		_SetCommsHigh  		CODE           	300A	0000	7
		_BoosterCommandStart		CODE           	240E	0000	161
		_LowestMissingSerial		CODE           	299C	0000	73
		_NewBoosterAdded		CODE           	2ECC	0000	31
		_AssignWindowID		CODE           	28B2	0000	85
		_QueryWinSerial		CODE           	1450	0000	349
		_ResetSingleBoosterState		CODE           	1E4E	0000	209
		_CheckLineFault		CODE           	1838	0000	281
		_ProcessRXFrame		CODE           	0B4E	0000	937

boostercomms.c estimated size: 5111

crc16.c
		_CRC16         		CODE           	1704	0000	309

crc16.c estimated size: 309

C:\Program Files (x86)\Microchip\xc8\v1.36\sources\common\Umul16.c
		___wmul        		CODE           	2DE8	0000	39

C:\Program Files (x86)\Microchip\xc8\v1.36\sources\common\Umul16.c estimated size: 39

shared
		i2_FlashEraseBlock		CODE           	2D92	0000	45
		i2_ResetBoosterStates		CODE           	2F48	0000	23
		i2_ResetSingleBoosterState		CODE           	20AC	0000	189
		i2_ClearPastValue		CODE           	278A	0000	101
		i2_ClearPastValues		CODE           	2F32	0000	23
		i2_WriteFlashValues		CODE           	2B9E	0000	57
		__initialization		CODE           	27EE	0000	85
		i2_ForceFiringMode		CODE           	2CAA	0000	49
		i2_SetCommsHigh		CODE           	301C	0000	7
		i2_FlashWriteWord		CODE           	2BD6	0000	57
		i2_FlashUnlockSequence		CODE           	2FF6	0000	13

shared estimated size: 649

mastercomms.c
		_SetIsolationRelay		CODE           	2DBE	0000	43
		_MangleSerial  		CODE           	1950	0000	269
		_ReturnBoosterData		CODE           	0752	0000	1021
		_SavePacketNumber		CODE           	2638	0000	117
		_CollisionCheck		CODE           	2B66	0000	57
		_ClearPastValues		CODE           	2E54	0000	31
		_GetPacketSlot 		CODE           	29E4	0000	71
		_UpdatePacketNumber		CODE           	236E	0000	161
		_ClearPacketNumbers		CODE           	2952	0000	75
		_CreateAndSend 		CODE           	25C4	0000	117
		_ProcessMasterComms		CODE           	0EF6	0000	521
		_ProcessSerialCMD		CODE           	1F1E	0000	203
		_SetSerialNumber		CODE           	1A5C	0000	267
		_GetLastPacketNumber		CODE           	2850	0000	99
		_ForceFiringMode		CODE           	2C0E	0000	55
		_IdlePacketSlot		CODE           	2AEE	0000	61
		_ProcessPingCMD		CODE           	2D0A	0000	47
		_ClearPastValue		CODE           	271C	0000	111

mastercomms.c estimated size: 3326

peripherals.c
		_PPSUnlockFunc 		CODE           	2F84	0000	19
		_WaitTickCount 		CODE           	2E90	0000	31
		_ReadFlashValues		CODE           	221E	0000	173
		_InitEarthLeakage		CODE           	2F1A	0000	25
		_PPSLockFunc   		CODE           	2F96	0000	19
		_WaitNewTick   		CODE           	3002	0000	9
		_ReadEarthLeakage		CODE           	2906	0000	77
		_FlashWriteWord		CODE           	2AAE	0000	65
		_FlashUnlockSequence		CODE           	2FDE	0000	13
		_FlashEraseBlock		CODE           	2C44	0000	53
		_ReadAnalogVoltage		CODE           	2A6C	0000	67
		_WriteFlashValues		CODE           	2A2A	0000	67
		_ReadKeySwitch 		CODE           	2D66	0000	45
		_FlashReadAddress		CODE           	2F5E	0000	21

peripherals.c estimated size: 684

main.c
		_InitST7540Wrapper		CODE           	2E0E	0000	37
		_main          		CODE           	2EEA	0000	25
		_isr           		CODE           	0008	0000	201
		_InitStates    		CODE           	2FB6	0000	15
		_InitSystem    		CODE           	2546	0000	127

main.c estimated size: 405

ST7540.c
		_DataReadyST7540		CODE           	3016	0000	7
		_PacketDataST7540		CODE           	2FA8	0000	15
		_CreateMessageST7540		CODE           	1B66	0000	261
		_ReceiveNewDataST7540		CODE           	2F72	0000	19
		_StartTransmitST7540		CODE           	2F02	0000	25
		_PacketReadParamST7540		CODE           	1D66	0000	233
		_RetransmitMessageSt7540		CODE           	24AE	0000	153
		_SPIISRHandlerST7540		CODE           	26AC	0000	113
		_InitST7540    		CODE           	1C6A	0000	253
		_TransmitBusyST7540		CODE           	3010	0000	7
		_ReadConfigST7540		CODE           	15AC	0000	345
		_RXReadyISRHandlerST7540		CODE           	2FEA	0000	13
		_WriteConfigST7540		CODE           	22CA	0000	165
		_CheckCRCST7540		CODE           	2168	0000	183
		_LineIdleST7540		CODE           	2FD2	0000	13
		_InitST7540Pins		CODE           	2B2A	0000	61

ST7540.c estimated size: 1866

