Microchip MPLAB XC8 Compiler V1.42 ()

Linker command line:

-W-3 --edf=C:\Program Files (x86)\Microchip\xc8\v1.42\dat\en_msgs.txt -cs \
  -h+dist/default/production\ISC-1_MAIN.X.production.sym \
  --cmf=dist/default/production\ISC-1_MAIN.X.production.cmf -z -Q18F46J13 \
  -oC:\Users\User\AppData\Local\Temp\s5h0.2 \
  -Mdist/default/production/ISC-1_MAIN.X.production.map -E1 -ver=XC8 \
  -ASTACK=06F8h-0eafh -pstack=STACK -ACODE=08100h-0C0FFh \
  -ACONST=08100h-0C0FFh -ASMALLCONST=08100h-081FFhx64 \
  -AMEDIUMCONST=08100h-0C0FFh -ACOMRAM=01h-01Eh -AABS1=00h-01Eh,0201h-0EAFh \
  -ABIGRAM=01h-01Eh,0201h-0EAFh \
  -ARAM=0201h-02FFh,0300h-03FFhx11,0E00h-0EAFh -ABANK2=0201h-02FFh \
  -ABANK3=0300h-03FFh -ABANK4=0400h-04FFh -ABANK5=0500h-05FFh \
  -ABANK6=0600h-06FFh -ABANK7=0700h-07FFh -ABANK8=0800h-08FFh \
  -ABANK9=0900h-09FFh -ABANK10=0A00h-0AFFh -ABANK11=0B00h-0BFFh \
  -ABANK12=0C00h-0CFFh -ABANK13=0D00h-0DFFh -ABANK14=0E00h-0EAFh \
  -ASFR=0EB0h-0EFFh,0F00h-0F5Fh,0F60h-0FFFh \
  -preset_vec=08100h,intcode=08108h,intcodelo,powerup,init -pramtop=0F00h \
  -psmallconst=SMALLCONST -pmediumconst=MEDIUMCONST -pconst=CONST \
  -AFARRAM=00h-00h -ACONFIG=0FFF8h-0FFFFh -pconfig=CONFIG \
  -pjflash_buffer=0F800h \
  -prdata=COMRAM,nvrram=COMRAM,nvbit=COMRAM,rbss=COMRAM,rbit=COMRAM \
  -pfarbss=FARRAM,fardata=FARRAM,nvFARRAM=FARRAM \
  -pintsave_regs=BIGRAM,bigbss=BIGRAM,bigdata=BIGRAM -pbss=RAM \
  -pidata=CODE,irdata=CODE,ibigdata=CODE,ifardata=CODE -prparam=COMRAM \
  C:\Users\User\AppData\Local\Temp\s5h0.obj \
  dist/default/production\ISC-1_MAIN.X.production.obj 

Object code version is 3.11

Machine type is 18F46J13

Call graph: (short form)




                Name                               Link     Load   Length Selector   Space Scale
C:\Users\User\AppData\Local\Temp\s5h0.obj
                init                               81D6     81D6        4     4084       0
                reset_vec                          8100     8100        4     4080       0
                config                             FFF8     FFF8        8     FFF8       0
dist/default/production\ISC-1_MAIN.X.production.obj
                intcode                            8108     8108       CE     4084       0
                temp                                 1E       1E        1        1       1
                text89                             B5E8     B5E8       10     4084       0
                text88                             B45A     B45A       26     4084       0
                text87                             B3B4     B3B4       2E     4084       0
                text86                             B328     B328       30     4084       0
                text85                             B518     B518       1E     4084       0
                text84                             B2F6     B2F6       32     4084       0
                text83                             A7C4     A7C4       A4     4084       0
                text82                             AE6E     AE6E       56     4084       0
                text81                             AC9E     AC9E       64     4084       0
                text80                             A500     A500       BC     4084       0
                text79                             9826     9826      196     4084       0
                text78                             B646     B646        C     4084       0
                text77                             B3E2     B3E2       2C     4084       0
                text76                             B226     B226       38     4084       0
                text75                             B1B4     B1B4       3A     4084       0
                text74                             B480     B480       20     4084       0
                text73                             AE16     AE16       58     4084       0
                text72                             9662     9662      1C4     4084       0
                text71                             B59A     B59A       16     4084       0
                text70                             91D8     91D8      26E     4084       0
                text69                             B584     B584       16     4084       0
                text68                             A27A     A27A       E8     4084       0
                text67                             B07A     B07A       42     4084       0
                text66                             B434     B434       26     4084       0
                text65                             9C48     9C48      134     4084       0
                text64                             B552     B552       1A     4084       0
                text63                             8E02     8E02      3D6     4084       0
                text62                             AD64     AD64       5A     4084       0
                text61                             B2C4     B2C4       32     4084       0
                text60                             B66E     B66E        6     4084       0
                text59                             B668     B668        6     4084       0
                text58                             81DA     81DA      822     4084       0
                text57                             B614     B614        E     4084       0
                text56                             A9A0     A9A0       98     4084       0
                text55                             B0FC     B0FC       40     4084       0
                text53                             B5D6     B5D6       12     4084       0
                text52                             B5C4     B5C4       12     4084       0
                text51                             B178     B178       3C     4084       0
                text50                             99BC     99BC      158     4084       0
                text49                             B63A     B63A        C     4084       0
                text48                             B4FA     B4FA       1E     4084       0
                text47                             A720     A720       A4     4084       0
                text46                             A096     A096       FC     4084       0
                text45                             B40E     B40E       26     4084       0
                text44                             AF60     AF60       4A     4084       0
                text43                             B5B0     B5B0       14     4084       0
                text42                             B62E     B62E        C     4084       0
                text41                             B25E     B25E       34     4084       0
                text40                             B0BC     B0BC       40     4084       0
                text39                             B036     B036       44     4084       0
                text38                             A672     A672       AE     4084       0
                text37                             A362     A362       D0     4084       0
                text36                             B4DC     B4DC       1E     4084       0
                text35                             B606     B606        E     4084       0
                text34                             AAC8     AAC8       80     4084       0
                text33                             B65A     B65A        8     4084       0
                text32                             AC30     AC30       6E     4084       0
                text31                             B4BE     B4BE       1E     4084       0
                text30                             AFF0     AFF0       46     4084       0
                text29                             B622     B622        C     4084       0
                text28                             9D7C     9D7C      10C     4084       0
                text27                             B1EE     B1EE       38     4084       0
                text26                             9B14     9B14      134     4084       0
                text25                             9F92     9F92      104     4084       0
                text24                             A5BC     A5BC       B6     4084       0
                text23                             A192     A192       E8     4084       0
                text22                             AFAA     AFAA       46     4084       0
                text21                             B13C     B13C       3C     4084       0
                text20                             ABBC     ABBC       74     4084       0
                text19                             B536     B536       1C     4084       0
                text18                             B652     B652        8     4084       0
                text17                             AB48     AB48       74     4084       0
                text16                             B386     B386       2E     4084       0
                text15                             A432     A432       CE     4084       0
                text14                             B56C     B56C       18     4084       0
                text13                             B5F8     B5F8        E     4084       0
                text12                             A908     A908       98     4084       0
                text11                             89FC     89FC      406     4084       0
                text10                             B292     B292       32     4084       0
                text9                              9E88     9E88      10A     4084       0
                text8                              AD02     AD02       62     4084       0
                text7                              A868     A868       A0     4084       0
                text6                              AA38     AA38       90     4084       0
                text5                              ADBE     ADBE       58     4084       0
                text4                              9446     9446      21C     4084       0
                text3                              B662     B662        6     4084       0
                text2                              AEC4     AEC4       52     4084       0
                text1                              B358     B358       2E     4084       0
                text0                              B4A0     B4A0       1E     4084       0
                cstackCOMRAM                          1        1       1D        1       1
                cstackBANK2                         201      201       89      201       1
                cstackBANK5                         500      500       84      500       1
                bssBANK6                            600      600       F8      600       1
                bssBANK5                            584      584       7C      500       1
                bssBANK4                            400      400       F0      400       1
                bssBANK3                            300      300       E8      300       1
                bssBANK2                            28A      28A       25      201       1
                cinit                              AF16     AF16       4A     4084       0

TOTAL           Name                               Link     Load   Length     Space
        CLASS   STACK          

        CLASS   CODE           
                intcode                            8108     8108       CE         0
                init                               81D6     81D6        4         0
                reset_vec                          8100     8100        4         0
                text89                             B5E8     B5E8       10         0
                text88                             B45A     B45A       26         0
                text87                             B3B4     B3B4       2E         0
                text86                             B328     B328       30         0
                text85                             B518     B518       1E         0
                text84                             B2F6     B2F6       32         0
                text83                             A7C4     A7C4       A4         0
                text82                             AE6E     AE6E       56         0
                text81                             AC9E     AC9E       64         0
                text80                             A500     A500       BC         0
                text79                             9826     9826      196         0
                text78                             B646     B646        C         0
                text77                             B3E2     B3E2       2C         0
                text76                             B226     B226       38         0
                text75                             B1B4     B1B4       3A         0
                text74                             B480     B480       20         0
                text73                             AE16     AE16       58         0
                text72                             9662     9662      1C4         0
                text71                             B59A     B59A       16         0
                text70                             91D8     91D8      26E         0
                text69                             B584     B584       16         0
                text68                             A27A     A27A       E8         0
                text67                             B07A     B07A       42         0
                text66                             B434     B434       26         0
                text65                             9C48     9C48      134         0
                text64                             B552     B552       1A         0
                text63                             8E02     8E02      3D6         0
                text62                             AD64     AD64       5A         0
                text61                             B2C4     B2C4       32         0
                text60                             B66E     B66E        6         0
                text59                             B668     B668        6         0
                text58                             81DA     81DA      822         0
                text57                             B614     B614        E         0
                text56                             A9A0     A9A0       98         0
                text55                             B0FC     B0FC       40         0
                text53                             B5D6     B5D6       12         0
                text52                             B5C4     B5C4       12         0
                text51                             B178     B178       3C         0
                text50                             99BC     99BC      158         0
                text49                             B63A     B63A        C         0
                text48                             B4FA     B4FA       1E         0
                text47                             A720     A720       A4         0
                text46                             A096     A096       FC         0
                text45                             B40E     B40E       26         0
                text44                             AF60     AF60       4A         0
                text43                             B5B0     B5B0       14         0
                text42                             B62E     B62E        C         0
                text41                             B25E     B25E       34         0
                text40                             B0BC     B0BC       40         0
                text39                             B036     B036       44         0
                text38                             A672     A672       AE         0
                text37                             A362     A362       D0         0
                text36                             B4DC     B4DC       1E         0
                text35                             B606     B606        E         0
                text34                             AAC8     AAC8       80         0
                text33                             B65A     B65A        8         0
                text32                             AC30     AC30       6E         0
                text31                             B4BE     B4BE       1E         0
                text30                             AFF0     AFF0       46         0
                text29                             B622     B622        C         0
                text28                             9D7C     9D7C      10C         0
                text27                             B1EE     B1EE       38         0
                text26                             9B14     9B14      134         0
                text25                             9F92     9F92      104         0
                text24                             A5BC     A5BC       B6         0
                text23                             A192     A192       E8         0
                text22                             AFAA     AFAA       46         0
                text21                             B13C     B13C       3C         0
                text20                             ABBC     ABBC       74         0
                text19                             B536     B536       1C         0
                text18                             B652     B652        8         0
                text17                             AB48     AB48       74         0
                text16                             B386     B386       2E         0
                text15                             A432     A432       CE         0
                text14                             B56C     B56C       18         0
                text13                             B5F8     B5F8        E         0
                text12                             A908     A908       98         0
                text11                             89FC     89FC      406         0
                text10                             B292     B292       32         0
                text9                              9E88     9E88      10A         0
                text8                              AD02     AD02       62         0
                text7                              A868     A868       A0         0
                text6                              AA38     AA38       90         0
                text5                              ADBE     ADBE       58         0
                text4                              9446     9446      21C         0
                text3                              B662     B662        6         0
                text2                              AEC4     AEC4       52         0
                text1                              B358     B358       2E         0
                text0                              B4A0     B4A0       1E         0
                cinit                              AF16     AF16       4A         0

        CLASS   CONST          

        CLASS   SMALLCONST     

        CLASS   MEDIUMCONST    

        CLASS   COMRAM         
                temp                                 1E       1E        1         1
                cstackCOMRAM                          1        1       1D         1

        CLASS   ABS1           

        CLASS   BIGRAM         

        CLASS   RAM            

        CLASS   BANK2          
                cstackBANK2                         201      201       89         1
                bssBANK2                            28A      28A       25         1

        CLASS   BANK3          
                bssBANK3                            300      300       E8         1

        CLASS   BANK4          
                bssBANK4                            400      400       F0         1

        CLASS   BANK5          
                cstackBANK5                         500      500       84         1
                bssBANK5                            584      584       7C         1

        CLASS   BANK6          
                bssBANK6                            600      600       F8         1

        CLASS   BANK7          

        CLASS   BANK8          

        CLASS   BANK9          

        CLASS   BANK10         

        CLASS   BANK11         

        CLASS   BANK12         

        CLASS   BANK13         

        CLASS   BANK14         

        CLASS   SFR            

        CLASS   FARRAM         

        CLASS   CONFIG         
                config                             FFF8     FFF8        8         0

        CLASS   BANK1          

        CLASS   BANK0          

        CLASS   IDLOC          



SEGMENTS        Name                           Load    Length   Top    Selector   Space  Class

                cstackCOMRAM                   000001  00001E  00001F         1       1  COMRAM  
                cstackBANK2                    000201  0000AE  0002AF       201       1  BANK2   
                bssBANK3                       000300  0000E8  0003E8       300       1  BANK3   
                bssBANK4                       000400  0000F0  0004F0       400       1  BANK4   
                cstackBANK5                    000500  000100  000600       500       1  BANK5   
                bssBANK6                       000600  0000F8  0006F8       600       1  BANK6   
                reset_vec                      008100  000004  008104      4080       0  CODE    
                intcode                        008108  00356C  00B674      4084       0  CODE    
                config                         00FFF8  000008  010000      FFF8       0  CONFIG  


UNUSED ADDRESS RANGES

        Name                Unused          Largest block    Delta
        BANK10           00A00-00AFF             100
        BANK11           00B00-00BFF             100
        BANK12           00C00-00CFF             100
        BANK13           00D00-00DFF             100
        BANK14           00E00-00EAF              B0
        BANK2            002AF-002FF              51
        BANK3            003E8-003FF              18
        BANK4            004F0-004FF              10
        BANK6            006F8-006FF               8
        BANK7            00700-007FF             100
        BANK8            00800-008FF             100
        BANK9            00900-009FF             100
        BIGRAM           002AF-002FF              51
                         003E8-003FF              18
                         004F0-004FF              10
                         006F8-00EAF             7B8
        CODE             08104-08107               4
                         0B674-0C0FF             A8C
        CONST            08104-08107               4
                         0B674-0C0FF             A8C
        FARRAM           00000-00000               1
        MEDIUMCONST      08104-08107               4
                         0B674-0C0FF             A8C
        RAM              002AF-002FF              51
                         003E8-003FF              18
                         004F0-004FF              10
                         006F8-00EAF             100
        SFR              00EB0-00FFF              60
        SMALLCONST       08104-08107               4
                         0B674-0C0FF             100
        STACK            006F8-00EAF             7B8

                                  Symbol Table

?_CRC16                                        cstackBANK2   0021B
?_GetLastPacketNumber                          cstackBANK2   0021B
?_MangleSerial                                 cstackBANK2   0021B
?_PacketDataST7540                             cstackBANK2   0021B
?_PacketReadParamST7540                        cstackBANK2   00230
?_ReadAnalogVoltage                            cstackCOMRAM  00001
?___wmul                                       cstackCOMRAM  00001
AssignWindowID@newWindowUC                     cstackCOMRAM  00018
AssignWindowID@serialNumberUS                  cstackCOMRAM  00016
BoosterCommandStart@destCommandUC              cstackCOMRAM  00009
BoosterCommandStart@destPayloadUC              cstackCOMRAM  0000A
BoosterCommandStart@destSerialUS               cstackCOMRAM  00007
BoosterDataCommandComms@bitsReadUCS            bssBANK2      00297
BoosterDataCommandComms@cableFaultModeUCS      bssBANK2      00295
BoosterDataCommandComms@cableTestUCS           bssBANK2      00294
BoosterDataCommandComms@commsADCValueUS        cstackCOMRAM  00014
BoosterDataCommandComms@commsBitsSentUCS       bssBANK2      0029A
BoosterDataCommandComms@counterCommsStatusUSS  bssBANK2      0028D
BoosterDataCommandComms@counterSyncStatusUSS   bssBANK3      00343
BoosterDataCommandComms@framesReceivedPhaseUCS bssBANK2      00299
BoosterDataCommandComms@lvlCountUCS            bssBANK2      00296
BoosterDataCommandComms@recvFrameUSS           bssBANK3      00341
BoosterDataCommandComms@syncModeUCS            bssBANK2      00298
BoosterQueryStart@queryValUC                   cstackCOMRAM  00001
CRC16@crc                                      cstackBANK2   00226
CRC16@data                                     cstackBANK2   00224
CRC16@data_p                                   cstackBANK2   0021B
CRC16@i                                        cstackBANK2   00223
CRC16@length                                   cstackBANK2   0021D
CheckBoosterRXParity@bitCountUC                cstackCOMRAM  00006
CheckBoosterRXParity@bitParityUC               cstackCOMRAM  00005
CheckBoosterRXParity@recvFrameUS               cstackCOMRAM  00001
CheckBoosterRXParity@tmpRecvFrameUS            cstackCOMRAM  00003
CheckCRCST7540@expectedCRCUS                   cstackBANK2   0022B
CheckCRCST7540@packetLenUC                     cstackBANK2   0022F
CheckCRCST7540@receivedCRCUS                   cstackBANK2   0022D
CheckDataCollision@boosterCountUC              cstackCOMRAM  00001
CheckLineFault@activeWindowCounter             cstackCOMRAM  00009
CheckLineFault@i                               cstackCOMRAM  0000F
CheckLineFault@i_1334                          cstackCOMRAM  0000D
CheckLineFault@lineVoltUS                      cstackCOMRAM  0000B
ClearPacketNumbers@iscCountUC                  cstackBANK2   0021B
ClearPastValue@valuePosUC                      cstackBANK2   0021B
ClearPastValues@boosterCountUC                 cstackBANK2   0021C
CollisionCheck@delayValueUS                    cstackBANK2   0022A
CreateAndSend@commandUC                        cstackBANK2   0023B
CreateAndSend@dataBuf                          cstackBANK2   0023D
CreateAndSend@dataLenUC                        cstackBANK2   0023C
CreateAndSend@nextPacketNumberUS               cstackBANK2   0023F
CreateAndSend@packetDestUS                     cstackBANK2   00239
CreateAndSend@packetSourceUS                   cstackBANK2   00237
CreateMessageST7540@commandUC                  cstackBANK2   0022C
CreateMessageST7540@dataBuf                    cstackBANK2   0022E
CreateMessageST7540@dataBufLocUC               cstackBANK2   00234
CreateMessageST7540@dataLenUC                  cstackBANK2   0022D
CreateMessageST7540@packetCRCUS                cstackBANK2   00232
CreateMessageST7540@packetDestUS               cstackBANK2   0022A
CreateMessageST7540@packetSourceUS             cstackBANK2   00228
FlashEraseBlock@flashAddressUS                 cstackBANK2   0021B
FlashEraseBlock@intStatusUC                    cstackBANK2   0021D
FlashReadAddress@flashAddressUS                cstackBANK2   0021B
FlashWriteWord@flashAddressUS                  cstackBANK2   0021B
FlashWriteWord@intStatusUC                     cstackBANK2   0021F
FlashWriteWord@lsbUC                           cstackBANK2   0021D
FlashWriteWord@msbUC                           cstackBANK2   0021E
ForceFiringMode@forceModeUC                    cstackBANK2   0021D
GetLastPacketNumber@iscCountUC                 cstackBANK2   0021F
GetLastPacketNumber@srcSerialUS                cstackBANK2   0021B
GetPacketSlot@saveSlotC                        cstackBANK2   0021F
GetPacketSlot@srcSerialUS                      cstackBANK2   0021B
IdlePacketSlot@iscCountC                       cstackBANK2   0021D
InitST7540@configDataRXUS                      cstackBANK2   00231
InitST7540@configDataTXUS                      cstackBANK2   0022B
InitST7540@frameDataRXUS                       cstackBANK2   0022E
InitST7540@frameDataTXUS                       cstackBANK2   00228
InitST7540Wrapper@initCountUC                  cstackBANK2   00234
LowestIdleWindow@boosterCountUC                cstackCOMRAM  00003
MangleSerial@b0UC                              cstackBANK2   00220
MangleSerial@b10UC                             cstackBANK2   00225
MangleSerial@b12UC                             cstackBANK2   00226
MangleSerial@b1UC                              cstackBANK2   00221
MangleSerial@b2UC                              cstackBANK2   00222
MangleSerial@b4UC                              cstackBANK2   00223
MangleSerial@b6UC                              cstackBANK2   00224
MangleSerial@cycleCountUC                      cstackBANK2   00229
MangleSerial@mangleValueUS                     cstackBANK2   0021B
MangleSerial@xorOutputUC                       cstackBANK2   0021F
PacketReadParamST7540@paramName                cstackBANK2   00234
PacketReadParamST7540@retValueUS               cstackBANK2   00235
ProcessMasterComms@currentPacketNumberUS       cstackBANK2   00283
ProcessMasterComms@destSerialUS                cstackBANK2   00285
ProcessMasterComms@recvCmdUC                   cstackBANK2   00289
ProcessMasterComms@respSerialUS                cstackBANK2   00287
ProcessPingCMD@respSerialUS                    cstackBANK2   00241
ProcessRXFrame@frameNumUC                      cstackCOMRAM  00009
ProcessRXFrame@parityCheckUC                   cstackCOMRAM  00011
ProcessRXFrame@recvFrameUS                     cstackCOMRAM  00007
ProcessSerialCMD@boosterCountUC                cstackBANK2   00282
ProcessSerialCMD@boosterIndexUC                cstackBANK2   00281
ProcessSerialCMD@respSerialUS                  cstackBANK2   00241
ProcessSerialCMD@serialListUSA                 cstackBANK2   00245
QueryWinSerial@i                               cstackCOMRAM  0001D
QueryWinSerial@j                               cstackCOMRAM  0001C
QueryWinSerial@serialNumberUS                  cstackCOMRAM  0001A
ReadAnalogVoltage@channelC                     cstackCOMRAM  00003
ReadConfigST7540@bitsReceivedUC                cstackBANK2   00223
ReadConfigST7540@configDataUS                  cstackBANK2   0021D
ReadConfigST7540@discardUC                     cstackBANK2   00222
ReadConfigST7540@frameDataUS                   cstackBANK2   0021B
ReadEarthLeakage@earthLeakageValueUS           cstackCOMRAM  00004
ReadKeySwitch@keySwitchValueUS                 cstackCOMRAM  00004
ReceiveNewDataST7540@discardUC                 cstackBANK2   0021B
ResetBoosterStates@boosterCountUC              cstackBANK2   0021C
ResetSingleBoosterState@boosterNumberUC        cstackBANK2   0021B
RetransmitMessageSt7540@commandUC              cstackBANK2   0023D
RetransmitMessageSt7540@dataBuf                cstackBANK2   0023B
RetransmitMessageSt7540@oldPacketNumberUC      cstackBANK2   0023E
RetransmitMessageSt7540@packetDataLenUC        cstackBANK2   0023F
RetransmitMessageSt7540@packetDestUS           cstackBANK2   00239
RetransmitMessageSt7540@packetSourceUS         cstackBANK2   00237
ReturnBoosterData@allRespUSA                   cstackBANK5   0053E
ReturnBoosterData@boosterCountUC               cstackBANK5   00583
ReturnBoosterData@commandValUC                 cstackBANK5   00580
ReturnBoosterData@dataValUC                    cstackBANK5   00582
ReturnBoosterData@iscStatusUC                  cstackBANK5   0057E
ReturnBoosterData@partRespUSA                  cstackBANK5   00500
ReturnBoosterData@respCountUC                  cstackBANK5   0057F
ReturnBoosterData@respSerialUS                 cstackBANK2   00241
ReturnBoosterData@windowCompareUS              cstackBANK5   0057C
ReturnBoosterData@wordCountUC                  cstackBANK5   00581
SPIISRHandlerST7540@dataReadUC                 cstackCOMRAM  00001
SavePacketNumber@packetNumberUC                cstackBANK2   00222
SavePacketNumber@saveSlotC                     cstackBANK2   00225
SavePacketNumber@srcSerialUS                   cstackBANK2   00220
SetIsolationRelay@relayStateUC                 cstackBANK2   0021B
SetSerialNumber@dataBufUSP                     cstackBANK2   00247
SetSerialNumber@respSerialUS                   cstackBANK2   00241
SetWindowID@currentBitUCS                      bssBANK2      002AD
SetWindowID@currentSerialUSS                   bssBANK2      002AB
SetWindowID@statusSetIDUCS                     bssBANK2      002AE
StartTransmitST7540@discardUC                  cstackBANK2   0021B
UpdatePacketNumber@packetNumberS               cstackBANK2   00228
UpdatePacketNumber@pastPacketNumberS           cstackBANK2   0022F
UpdatePacketNumber@serialNumberUS              cstackBANK2   00226
WaitTickCount@tickCountUS                      cstackBANK2   0021B
WindowIDBacktrack@currentBitUC                 cstackCOMRAM  00016
WindowIDBacktrack@currentSerialUS              cstackCOMRAM  00018
WindowIDBacktrack@statusSetIDUC                cstackCOMRAM  0001A
WriteConfigST7540@bitsSentUC                   cstackBANK2   00227
WriteConfigST7540@configDataUS                 cstackBANK2   00220
WriteConfigST7540@discardUC                    cstackBANK2   00226
WriteConfigST7540@frameDataUS                  cstackBANK2   0021D
_ADCON0bits                                    (abs)         00FC2
_ADCON1bits                                    (abs)         00FC1
_ADRES                                         (abs)         00FC3
_ANCON0bits                                    (abs)         00F48
_ANCON1bits                                    (abs)         00F49
_AssignSerialNumber                            text74        0B480
_AssignWindowID                                text73        0AE16
_BoosterCommandStart                           text83        0A7C4
_BoosterCommsActive                            text89        0B5E8
_BoosterCommsDispatcher                        text68        0A27A
_BoosterDataCommandComms                       text58        081DA
_BoosterQueryStart                             text88        0B45A
_CRC16                                         text26        09B14
_CheckBoosterRXParity                          text84        0B2F6
_CheckCRCST7540                                text24        0A5BC
_CheckDataCollision                            text87        0B3B4
_CheckLineFault                                text65        09C48
_ClearPacketNumbers                            text44        0AF60
_ClearPastValue                                text32        0AC30
_ClearPastValues                               text31        0B4BE
_CollisionCheck                                text27        0B1EE
_CreateAndSend                                 text17        0AB48
_CreateMessageST7540                           text25        09F92
_DataReadyST7540                               text33        0B65A
_EECON1bits                                    (abs)         00FA6
_EECON2                                        (abs)         00FA7
_FlashEraseBlock                               text41        0B25E
_FlashReadAddress                              text43        0B5B0
_FlashUnlockSequence                           text42        0B62E
_FlashWriteWord                                text40        0B0BC
_ForceFiringMode                               text30        0AFF0
_GetLastPacketNumber                           text8         0AD02
_GetPacketSlot                                 text22        0AFAA
_INTCONbits                                    (abs)         00FF2
_ISO_COUNTER                                   bssBANK2      002A1
_IdlePacketSlot                                text21        0B13C
_InitEarthLeakage                              text64        0B552
_InitST7540                                    text46        0A096
_InitST7540Pins                                text51        0B178
_InitST7540Wrapper                             text45        0B40E
_InitStates                                    text35        0B606
_InitSystem                                    text34        0AAC8
_LATAbits                                      (abs)         00F89
_LATBbits                                      (abs)         00F8A
_LATCbits                                      (abs)         00F8B
_LATDbits                                      (abs)         00F8C
_LATEbits                                      (abs)         00F8D
_LineIdleST7540                                text29        0B622
_LowestIdleWindow                              text86        0B328
_LowestMissingSerial                           text82        0AE6E
_MangleSerial                                  text28        09D7C
_MangleSerial$2321                             cstackBANK2   00227
_NewBoosterAdded                               text85        0B518
_OSCCONbits                                    (abs)         00FD3
_OSCTUNEbits                                   (abs)         00F9B
_PIE1bits                                      (abs)         00F9D
_PIE3bits                                      (abs)         00FA3
_PIR1bits                                      (abs)         00F9E
_PIR3bits                                      (abs)         00FA4
_PORTBbits                                     (abs)         00F81
_PORTCbits                                     (abs)         00F82
_PORTDbits                                     (abs)         00F83
_PPSCONbits                                    (abs)         00EBF
_PPSLockFunc                                   text53        0B5D6
_PPSUnlockFunc                                 text52        0B5C4
_PR2                                           (abs)         00FCB
_PacketDataST7540                              text13        0B5F8
_PacketReadParamST7540                         text23        0A192
_ProcessMasterComms                            text4         09446
_ProcessPingCMD                                text16        0B386
_ProcessRXFrame                                text63        08E02
_ProcessSerialCMD                              text15        0A432
_QueryFailureCounter                           bssBANK2      0029F
_QueryWinSerial                                text79        09826
_RPINR21                                       (abs)         00EFC
_RPINR22                                       (abs)         00EFD
_RPOR21                                        (abs)         00ED5
_RXReadyISRHandlerST7540                       text57        0B614
_ReadAnalogVoltage                             text67        0B07A
_ReadConfigST7540                              text50        099BC
_ReadEarthLeakage                              text62        0AD64
_ReadFlashValues                               text38        0A672
_ReadKeySwitch                                 text61        0B2C4
_ReceiveNewDataST7540                          text14        0B56C
_ResetBoosterStates                            text36        0B4DC
_ResetSingleBoosterState                       text37        0A362
_RetransmitMessageSt7540                       text12        0A908
_ReturnBoosterData                             text11        089FC
_SPIISRHandlerST7540                           text56        0A9A0
_SSP2BUF                                       (abs)         00F75
_SSP2CON1bits                                  (abs)         00F72
_SSP2STATbits                                  (abs)         00F73
_SavePacketNumber                              text20        0ABBC
_SetCommsHigh                                  text3         0B662
_SetCommsLow                                   text60        0B66E
_SetIsolationRelay                             text10        0B292
_SetSerialNumber                               text9         09E88
_SetWindowID                                   text70        091D8
_StartTransmitST7540                           text19        0B536
_T2CONbits                                     (abs)         00FCA
_TABLAT                                        (abs)         00FF5
_TBLPTRH                                       (abs)         00FF7
_TBLPTRL                                       (abs)         00FF6
_TBLPTRU                                       (abs)         00FF8
_TRISAbits                                     (abs)         00F92
_TRISBbits                                     (abs)         00F93
_TRISCbits                                     (abs)         00F94
_TRISDbits                                     (abs)         00F95
_TRISEbits                                     (abs)         00F96
_TransmitBusyST7540                            text18        0B652
_UpdatePacketNumber                            text7         0A868
_WaitNewTick                                   text49        0B63A
_WaitTickCount                                 text48        0B4FA
_WindowIDBacktrack                             text72        09662
_WriteConfigST7540                             text47        0A720
_WriteFlashValues                              text39        0B036
__CFG_ADCSEL$BIT10                             (abs)         00000
__CFG_CFGPLLEN$OFF                             (abs)         00000
__CFG_CLKOEC$OFF                               (abs)         00000
__CFG_CP0$OFF                                  (abs)         00000
__CFG_DSBOREN$ON                               (abs)         00000
__CFG_DSWDTEN$ON                               (abs)         00000
__CFG_DSWDTOSC$INTOSCREF                       (abs)         00000
__CFG_DSWDTPS$G2                               (abs)         00000
__CFG_FCMEN$ON                                 (abs)         00000
__CFG_IESO$ON                                  (abs)         00000
__CFG_IOL1WAY$OFF                              (abs)         00000
__CFG_MSSP7B_EN$MSK7                           (abs)         00000
__CFG_OSC$INTOSCPLL                            (abs)         00000
__CFG_PLLDIV$2                                 (abs)         00000
__CFG_PLLSEL$PLL96                             (abs)         00000
__CFG_RTCOSC$INTOSCREF                         (abs)         00000
__CFG_SOSCSEL$HIGH                             (abs)         00000
__CFG_STVREN$ON                                (abs)         00000
__CFG_WDTEN$OFF                                (abs)         00000
__CFG_WDTPS$32768                              (abs)         00000
__CFG_WPCFG$OFF                                (abs)         00000
__CFG_WPDIS$OFF                                (abs)         00000
__CFG_WPEND$PAGE_WPFP                          (abs)         00000
__CFG_WPFP$PAGE_63                             (abs)         00000
__CFG_XINST$OFF                                (abs)         00000
__HRAM                                         (abs)         00000
__Habs1                                        abs1          00000
__Hbank0                                       bank0         00000
__Hbank1                                       bank1         00000
__Hbank10                                      bank10        00000
__Hbank11                                      bank11        00000
__Hbank12                                      bank12        00000
__Hbank13                                      bank13        00000
__Hbank14                                      bank14        00000
__Hbank2                                       bank2         00000
__Hbank3                                       bank3         00000
__Hbank4                                       bank4         00000
__Hbank5                                       bank5         00000
__Hbank6                                       bank6         00000
__Hbank7                                       bank7         00000
__Hbank8                                       bank8         00000
__Hbank9                                       bank9         00000
__Hbigbss                                      bigbss        00000
__Hbigdata                                     bigdata       00000
__Hbigram                                      bigram        00000
__Hbss                                         bss           00000
__HbssBANK2                                    bssBANK2      00000
__HbssBANK3                                    bssBANK3      00000
__HbssBANK4                                    bssBANK4      00000
__HbssBANK5                                    bssBANK5      00000
__HbssBANK6                                    bssBANK6      00000
__Hcinit                                       cinit         00000
__Hclrtext                                     clrtext       00000
__Hcomram                                      comram        00000
__Hconfig                                      config        10000
__Hconst                                       const         00000
__HcstackBANK2                                 cstackBANK2   00000
__HcstackBANK5                                 cstackBANK5   00000
__HcstackCOMRAM                                cstackCOMRAM  00000
__Hdata                                        data          00000
__Hfarbss                                      farbss        00000
__Hfardata                                     fardata       00000
__Hibigdata                                    ibigdata      00000
__Hidata                                       idata         00000
__Hidloc                                       idloc         00000
__Hifardata                                    ifardata      00000
__Hinit                                        init          081DA
__Hintcode                                     intcode       081D6
__Hintcode_body                                intcode_body  00000
__Hintcodelo                                   intcodelo     081D6
__Hintentry                                    intentry      00000
__Hintret                                      intret        00000
__Hintsave_regs                                intsave_regs  00000
__Hirdata                                      irdata        00000
__Hjflash_buffer                               jflash_buffer 0F800
__Hmediumconst                                 mediumconst   00000
__HnvFARRAM                                    nvFARRAM      00000
__Hnvbit                                       nvbit         00000
__Hnvrram                                      nvrram        00000
__Hparam                                       rparam        00000
__Hpowerup                                     powerup       081D6
__Hram                                         ram           00000
__Hramtop                                      ramtop        00F00
__Hrbit                                        rbit          00000
__Hrbss                                        rbss          00000
__Hrdata                                       rdata         00000
__Hreset_vec                                   reset_vec     08104
__Hrparam                                      rparam        00000
__Hsfr                                         sfr           00000
__Hsmallconst                                  smallconst    00000
__Hspace_0                                     (abs)         10000
__Hspace_1                                     (abs)         006F8
__Hspace_2                                     (abs)         00000
__Hstack                                       stack         00000
__Hstruct                                      struct        00000
__Htemp                                        temp          0001F
__Htext                                        text          00000
__Htext0                                       text0         00000
__Htext1                                       text1         00000
__Htext10                                      text10        00000
__Htext11                                      text11        00000
__Htext12                                      text12        00000
__Htext13                                      text13        00000
__Htext14                                      text14        00000
__Htext15                                      text15        00000
__Htext16                                      text16        00000
__Htext17                                      text17        00000
__Htext18                                      text18        00000
__Htext19                                      text19        00000
__Htext2                                       text2         00000
__Htext20                                      text20        00000
__Htext21                                      text21        00000
__Htext22                                      text22        00000
__Htext23                                      text23        00000
__Htext24                                      text24        00000
__Htext25                                      text25        00000
__Htext26                                      text26        00000
__Htext27                                      text27        00000
__Htext28                                      text28        00000
__Htext29                                      text29        00000
__Htext3                                       text3         00000
__Htext30                                      text30        00000
__Htext31                                      text31        00000
__Htext32                                      text32        00000
__Htext33                                      text33        00000
__Htext34                                      text34        00000
__Htext35                                      text35        00000
__Htext36                                      text36        00000
__Htext37                                      text37        00000
__Htext38                                      text38        00000
__Htext39                                      text39        00000
__Htext4                                       text4         00000
__Htext40                                      text40        00000
__Htext41                                      text41        00000
__Htext42                                      text42        00000
__Htext43                                      text43        00000
__Htext44                                      text44        00000
__Htext45                                      text45        00000
__Htext46                                      text46        00000
__Htext47                                      text47        00000
__Htext48                                      text48        00000
__Htext49                                      text49        00000
__Htext5                                       text5         00000
__Htext50                                      text50        00000
__Htext51                                      text51        00000
__Htext52                                      text52        00000
__Htext53                                      text53        00000
__Htext55                                      text55        00000
__Htext56                                      text56        00000
__Htext57                                      text57        00000
__Htext58                                      text58        00000
__Htext59                                      text59        00000
__Htext6                                       text6         00000
__Htext60                                      text60        00000
__Htext61                                      text61        00000
__Htext62                                      text62        00000
__Htext63                                      text63        00000
__Htext64                                      text64        00000
__Htext65                                      text65        00000
__Htext66                                      text66        00000
__Htext67                                      text67        00000
__Htext68                                      text68        00000
__Htext69                                      text69        00000
__Htext7                                       text7         00000
__Htext70                                      text70        00000
__Htext71                                      text71        00000
__Htext72                                      text72        00000
__Htext73                                      text73        00000
__Htext74                                      text74        00000
__Htext75                                      text75        00000
__Htext76                                      text76        00000
__Htext77                                      text77        00000
__Htext78                                      text78        00000
__Htext79                                      text79        00000
__Htext8                                       text8         00000
__Htext80                                      text80        00000
__Htext81                                      text81        00000
__Htext82                                      text82        00000
__Htext83                                      text83        00000
__Htext84                                      text84        00000
__Htext85                                      text85        00000
__Htext86                                      text86        00000
__Htext87                                      text87        00000
__Htext88                                      text88        00000
__Htext89                                      text89        00000
__Htext9                                       text9         00000
__LRAM                                         (abs)         00001
__Labs1                                        abs1          00000
__Lbank0                                       bank0         00000
__Lbank1                                       bank1         00000
__Lbank10                                      bank10        00000
__Lbank11                                      bank11        00000
__Lbank12                                      bank12        00000
__Lbank13                                      bank13        00000
__Lbank14                                      bank14        00000
__Lbank2                                       bank2         00000
__Lbank3                                       bank3         00000
__Lbank4                                       bank4         00000
__Lbank5                                       bank5         00000
__Lbank6                                       bank6         00000
__Lbank7                                       bank7         00000
__Lbank8                                       bank8         00000
__Lbank9                                       bank9         00000
__Lbigbss                                      bigbss        00000
__Lbigdata                                     bigdata       00000
__Lbigram                                      bigram        00000
__Lbss                                         bss           00000
__LbssBANK2                                    bssBANK2      00000
__LbssBANK3                                    bssBANK3      00000
__LbssBANK4                                    bssBANK4      00000
__LbssBANK5                                    bssBANK5      00000
__LbssBANK6                                    bssBANK6      00000
__Lcinit                                       cinit         00000
__Lclrtext                                     clrtext       00000
__Lcomram                                      comram        00000
__Lconfig                                      config        0FFF8
__Lconst                                       const         00000
__LcstackBANK2                                 cstackBANK2   00000
__LcstackBANK5                                 cstackBANK5   00000
__LcstackCOMRAM                                cstackCOMRAM  00000
__Ldata                                        data          00000
__Lfarbss                                      farbss        00000
__Lfardata                                     fardata       00000
__Libigdata                                    ibigdata      00000
__Lidata                                       idata         00000
__Lidloc                                       idloc         00000
__Lifardata                                    ifardata      00000
__Linit                                        init          081D6
__Lintcode                                     intcode       08108
__Lintcode_body                                intcode_body  00000
__Lintcodelo                                   intcodelo     081D6
__Lintentry                                    intentry      00000
__Lintret                                      intret        00000
__Lintsave_regs                                intsave_regs  00000
__Lirdata                                      irdata        00000
__Ljflash_buffer                               jflash_buffer 0F800
__Lmediumconst                                 mediumconst   00000
__LnvFARRAM                                    nvFARRAM      00000
__Lnvbit                                       nvbit         00000
__Lnvrram                                      nvrram        00000
__Lparam                                       rparam        00000
__Lpowerup                                     powerup       081D6
__Lram                                         ram           00000
__Lramtop                                      ramtop        00F00
__Lrbit                                        rbit          00000
__Lrbss                                        rbss          00000
__Lrdata                                       rdata         00000
__Lreset_vec                                   reset_vec     08100
__Lrparam                                      rparam        00000
__Lsfr                                         sfr           00000
__Lsmallconst                                  smallconst    00000
__Lspace_0                                     (abs)         00000
__Lspace_1                                     (abs)         00000
__Lspace_2                                     (abs)         00000
__Lstack                                       stack         00000
__Lstruct                                      struct        00000
__Ltemp                                        temp          0001E
__Ltext                                        text          00000
__Ltext0                                       text0         00000
__Ltext1                                       text1         00000
__Ltext10                                      text10        00000
__Ltext11                                      text11        00000
__Ltext12                                      text12        00000
__Ltext13                                      text13        00000
__Ltext14                                      text14        00000
__Ltext15                                      text15        00000
__Ltext16                                      text16        00000
__Ltext17                                      text17        00000
__Ltext18                                      text18        00000
__Ltext19                                      text19        00000
__Ltext2                                       text2         00000
__Ltext20                                      text20        00000
__Ltext21                                      text21        00000
__Ltext22                                      text22        00000
__Ltext23                                      text23        00000
__Ltext24                                      text24        00000
__Ltext25                                      text25        00000
__Ltext26                                      text26        00000
__Ltext27                                      text27        00000
__Ltext28                                      text28        00000
__Ltext29                                      text29        00000
__Ltext3                                       text3         00000
__Ltext30                                      text30        00000
__Ltext31                                      text31        00000
__Ltext32                                      text32        00000
__Ltext33                                      text33        00000
__Ltext34                                      text34        00000
__Ltext35                                      text35        00000
__Ltext36                                      text36        00000
__Ltext37                                      text37        00000
__Ltext38                                      text38        00000
__Ltext39                                      text39        00000
__Ltext4                                       text4         00000
__Ltext40                                      text40        00000
__Ltext41                                      text41        00000
__Ltext42                                      text42        00000
__Ltext43                                      text43        00000
__Ltext44                                      text44        00000
__Ltext45                                      text45        00000
__Ltext46                                      text46        00000
__Ltext47                                      text47        00000
__Ltext48                                      text48        00000
__Ltext49                                      text49        00000
__Ltext5                                       text5         00000
__Ltext50                                      text50        00000
__Ltext51                                      text51        00000
__Ltext52                                      text52        00000
__Ltext53                                      text53        00000
__Ltext55                                      text55        00000
__Ltext56                                      text56        00000
__Ltext57                                      text57        00000
__Ltext58                                      text58        00000
__Ltext59                                      text59        00000
__Ltext6                                       text6         00000
__Ltext60                                      text60        00000
__Ltext61                                      text61        00000
__Ltext62                                      text62        00000
__Ltext63                                      text63        00000
__Ltext64                                      text64        00000
__Ltext65                                      text65        00000
__Ltext66                                      text66        00000
__Ltext67                                      text67        00000
__Ltext68                                      text68        00000
__Ltext69                                      text69        00000
__Ltext7                                       text7         00000
__Ltext70                                      text70        00000
__Ltext71                                      text71        00000
__Ltext72                                      text72        00000
__Ltext73                                      text73        00000
__Ltext74                                      text74        00000
__Ltext75                                      text75        00000
__Ltext76                                      text76        00000
__Ltext77                                      text77        00000
__Ltext78                                      text78        00000
__Ltext79                                      text79        00000
__Ltext8                                       text8         00000
__Ltext80                                      text80        00000
__Ltext81                                      text81        00000
__Ltext82                                      text82        00000
__Ltext83                                      text83        00000
__Ltext84                                      text84        00000
__Ltext85                                      text85        00000
__Ltext86                                      text86        00000
__Ltext87                                      text87        00000
__Ltext88                                      text88        00000
__Ltext89                                      text89        00000
__Ltext9                                       text9         00000
__S0                                           (abs)         10000
__S1                                           (abs)         006F8
__S2                                           (abs)         00000
___inthi_sp                                    stack         00000
___intlo_sp                                    stack         00000
___param_bank                                  (abs)         00000
___rparam_used                                 (abs)         00001
___sp                                          stack         00000
___wmul                                        text66        0B434
___wmul@multiplicand                           cstackCOMRAM  00003
___wmul@multiplier                             cstackCOMRAM  00001
___wmul@product                                cstackCOMRAM  00005
__accesstop                                    (abs)         00060
__activetblptr                                 (abs)         00002
__end_of_AssignSerialNumber                    text74        0B4A0
__end_of_AssignWindowID                        text73        0AE6E
__end_of_BoosterCommandStart                   text83        0A868
__end_of_BoosterCommsActive                    text89        0B5F8
__end_of_BoosterCommsDispatcher                text68        0A362
__end_of_BoosterDataCommandComms               text58        089FC
__end_of_BoosterQueryStart                     text88        0B480
__end_of_CRC16                                 text26        09C48
__end_of_CheckBoosterRXParity                  text84        0B328
__end_of_CheckCRCST7540                        text24        0A672
__end_of_CheckDataCollision                    text87        0B3E2
__end_of_CheckLineFault                        text65        09D7C
__end_of_ClearPacketNumbers                    text44        0AFAA
__end_of_ClearPastValue                        text32        0AC9E
__end_of_ClearPastValues                       text31        0B4DC
__end_of_CollisionCheck                        text27        0B226
__end_of_CreateAndSend                         text17        0ABBC
__end_of_CreateMessageST7540                   text25        0A096
__end_of_DataReadyST7540                       text33        0B662
__end_of_FlashEraseBlock                       text41        0B292
__end_of_FlashReadAddress                      text43        0B5C4
__end_of_FlashUnlockSequence                   text42        0B63A
__end_of_FlashWriteWord                        text40        0B0FC
__end_of_ForceFiringMode                       text30        0B036
__end_of_GetLastPacketNumber                   text8         0AD64
__end_of_GetPacketSlot                         text22        0AFF0
__end_of_IdlePacketSlot                        text21        0B178
__end_of_InitEarthLeakage                      text64        0B56C
__end_of_InitST7540                            text46        0A192
__end_of_InitST7540Pins                        text51        0B1B4
__end_of_InitST7540Wrapper                     text45        0B434
__end_of_InitStates                            text35        0B614
__end_of_InitSystem                            text34        0AB48
__end_of_LineIdleST7540                        text29        0B62E
__end_of_LowestIdleWindow                      text86        0B358
__end_of_LowestMissingSerial                   text82        0AEC4
__end_of_MangleSerial                          text28        09E88
__end_of_NewBoosterAdded                       text85        0B536
__end_of_PPSLockFunc                           text53        0B5E8
__end_of_PPSUnlockFunc                         text52        0B5D6
__end_of_PacketDataST7540                      text13        0B606
__end_of_PacketReadParamST7540                 text23        0A27A
__end_of_ProcessMasterComms                    text4         09662
__end_of_ProcessPingCMD                        text16        0B3B4
__end_of_ProcessRXFrame                        text63        091D8
__end_of_ProcessSerialCMD                      text15        0A500
__end_of_QueryWinSerial                        text79        099BC
__end_of_RXReadyISRHandlerST7540               text57        0B622
__end_of_ReadAnalogVoltage                     text67        0B0BC
__end_of_ReadConfigST7540                      text50        09B14
__end_of_ReadEarthLeakage                      text62        0ADBE
__end_of_ReadFlashValues                       text38        0A720
__end_of_ReadKeySwitch                         text61        0B2F6
__end_of_ReceiveNewDataST7540                  text14        0B584
__end_of_ResetBoosterStates                    text36        0B4FA
__end_of_ResetSingleBoosterState               text37        0A432
__end_of_RetransmitMessageSt7540               text12        0A9A0
__end_of_ReturnBoosterData                     text11        08E02
__end_of_SPIISRHandlerST7540                   text56        0AA38
__end_of_SavePacketNumber                      text20        0AC30
__end_of_SetCommsHigh                          text3         0B668
__end_of_SetCommsLow                           text60        0B674
__end_of_SetIsolationRelay                     text10        0B2C4
__end_of_SetSerialNumber                       text9         09F92
__end_of_SetWindowID                           text70        09446
__end_of_StartTransmitST7540                   text19        0B552
__end_of_TransmitBusyST7540                    text18        0B65A
__end_of_UpdatePacketNumber                    text7         0A908
__end_of_WaitNewTick                           text49        0B646
__end_of_WaitTickCount                         text48        0B518
__end_of_WindowIDBacktrack                     text72        09826
__end_of_WriteConfigST7540                     text47        0A7C4
__end_of_WriteFlashValues                      text39        0B07A
__end_of___wmul                                text66        0B45A
__end_of__initialization                       cinit         0AF52
__end_of_getSerialFromMemory                   text1         0B386
__end_of_isr                                   intcode       081D6
__end_of_main                                  text0         0B4BE
__end_of_readRegisterFromProgram               text2         0AF16
__end_of_writeBootloaderState                  text5         0AE16
__end_of_writeRegisterToProgram                text6         0AAC8
__end_ofi2_ClearPastValue                      text81        0AD02
__end_ofi2_ClearPastValues                     text69        0B59A
__end_ofi2_FlashEraseBlock                     text77        0B40E
__end_ofi2_FlashUnlockSequence                 text78        0B652
__end_ofi2_FlashWriteWord                      text76        0B25E
__end_ofi2_ForceFiringMode                     text55        0B13C
__end_ofi2_ResetBoosterStates                  text71        0B5B0
__end_ofi2_ResetSingleBoosterState             text80        0A5BC
__end_ofi2_SetCommsHigh                        text59        0B66E
__end_ofi2_WriteFlashValues                    text75        0B1EE
__initialization                               cinit         0AF16
__mediumconst                                  mediumconst   00000
__pbssBANK2                                    bssBANK2      0028A
__pbssBANK3                                    bssBANK3      00300
__pbssBANK4                                    bssBANK4      00400
__pbssBANK5                                    bssBANK5      00584
__pbssBANK6                                    bssBANK6      00600
__pcinit                                       cinit         0AF16
__pcstackBANK2                                 cstackBANK2   00201
__pcstackBANK5                                 cstackBANK5   00500
__pcstackCOMRAM                                cstackCOMRAM  00001
__pintcode                                     intcode       08108
__ptext0                                       text0         0B4A0
__ptext1                                       text1         0B358
__ptext10                                      text10        0B292
__ptext11                                      text11        089FC
__ptext12                                      text12        0A908
__ptext13                                      text13        0B5F8
__ptext14                                      text14        0B56C
__ptext15                                      text15        0A432
__ptext16                                      text16        0B386
__ptext17                                      text17        0AB48
__ptext18                                      text18        0B652
__ptext19                                      text19        0B536
__ptext2                                       text2         0AEC4
__ptext20                                      text20        0ABBC
__ptext21                                      text21        0B13C
__ptext22                                      text22        0AFAA
__ptext23                                      text23        0A192
__ptext24                                      text24        0A5BC
__ptext25                                      text25        09F92
__ptext26                                      text26        09B14
__ptext27                                      text27        0B1EE
__ptext28                                      text28        09D7C
__ptext29                                      text29        0B622
__ptext3                                       text3         0B662
__ptext30                                      text30        0AFF0
__ptext31                                      text31        0B4BE
__ptext32                                      text32        0AC30
__ptext33                                      text33        0B65A
__ptext34                                      text34        0AAC8
__ptext35                                      text35        0B606
__ptext36                                      text36        0B4DC
__ptext37                                      text37        0A362
__ptext38                                      text38        0A672
__ptext39                                      text39        0B036
__ptext4                                       text4         09446
__ptext40                                      text40        0B0BC
__ptext41                                      text41        0B25E
__ptext42                                      text42        0B62E
__ptext43                                      text43        0B5B0
__ptext44                                      text44        0AF60
__ptext45                                      text45        0B40E
__ptext46                                      text46        0A096
__ptext47                                      text47        0A720
__ptext48                                      text48        0B4FA
__ptext49                                      text49        0B63A
__ptext5                                       text5         0ADBE
__ptext50                                      text50        099BC
__ptext51                                      text51        0B178
__ptext52                                      text52        0B5C4
__ptext53                                      text53        0B5D6
__ptext55                                      text55        0B0FC
__ptext56                                      text56        0A9A0
__ptext57                                      text57        0B614
__ptext58                                      text58        081DA
__ptext59                                      text59        0B668
__ptext6                                       text6         0AA38
__ptext60                                      text60        0B66E
__ptext61                                      text61        0B2C4
__ptext62                                      text62        0AD64
__ptext63                                      text63        08E02
__ptext64                                      text64        0B552
__ptext65                                      text65        09C48
__ptext66                                      text66        0B434
__ptext67                                      text67        0B07A
__ptext68                                      text68        0A27A
__ptext69                                      text69        0B584
__ptext7                                       text7         0A868
__ptext70                                      text70        091D8
__ptext71                                      text71        0B59A
__ptext72                                      text72        09662
__ptext73                                      text73        0AE16
__ptext74                                      text74        0B480
__ptext75                                      text75        0B1B4
__ptext76                                      text76        0B226
__ptext77                                      text77        0B3E2
__ptext78                                      text78        0B646
__ptext79                                      text79        09826
__ptext8                                       text8         0AD02
__ptext80                                      text80        0A500
__ptext81                                      text81        0AC9E
__ptext82                                      text82        0AE6E
__ptext83                                      text83        0A7C4
__ptext84                                      text84        0B2F6
__ptext85                                      text85        0B518
__ptext86                                      text86        0B328
__ptext87                                      text87        0B3B4
__ptext88                                      text88        0B45A
__ptext89                                      text89        0B5E8
__ptext9                                       text9         09E88
__ramtop                                       ramtop        00F00
__size_of_AssignSerialNumber                   (abs)         00000
__size_of_AssignWindowID                       (abs)         00000
__size_of_BoosterCommandStart                  (abs)         00000
__size_of_BoosterCommsActive                   (abs)         00000
__size_of_BoosterCommsDispatcher               (abs)         00000
__size_of_BoosterDataCommandComms              (abs)         00000
__size_of_BoosterQueryStart                    (abs)         00000
__size_of_CRC16                                (abs)         00000
__size_of_CheckBoosterRXParity                 (abs)         00000
__size_of_CheckCRCST7540                       (abs)         00000
__size_of_CheckDataCollision                   (abs)         00000
__size_of_CheckLineFault                       (abs)         00000
__size_of_ClearPacketNumbers                   (abs)         00000
__size_of_ClearPastValue                       (abs)         00000
__size_of_ClearPastValues                      (abs)         00000
__size_of_CollisionCheck                       (abs)         00000
__size_of_CreateAndSend                        (abs)         00000
__size_of_CreateMessageST7540                  (abs)         00000
[...]
 Return value:  Size  Location     Type
                  1    wreg      unsigned char 
 Registers used:
		wreg, fsr1l, fsr1h, fsr2l, fsr2h, status,2, status,0, prodl, prodh, cstack
 Tracked objects:
		On entry : 
		On exit  : 
		Unchanged: 
 Data sizes:     COMRAM   BANK2   BANK3   BANK4   BANK5   BANK6   BANK7   BANK8   BANK9  BANK10  BANK11  BANK12  BANK13  BANK14
      Params:         0       0       0       0       0       0       0       0       0       0       0       0       0       0
      Locals:         4       0       0       0       0       0       0       0       0       0       0       0       0       0
      Temps:          4       0       0       0       0       0       0       0       0       0       0       0       0       0
      Totals:         8       0       0       0       0       0       0       0       0       0       0       0       0       0
Total ram usage:        8 bytes
 Hardware stack levels used:    1
 Hardware stack levels required when called:    2
 This function calls:
		_BoosterCommandStart
		_LowestMissingSerial
		i2_ClearPastValue
		i2_ResetSingleBoosterState
 This function is called by:
		_BoosterCommsDispatcher
 This function uses a non-reentrant model


 *************** function i2_ResetSingleBoosterState *****************
 Defined at:
		line 577 in file "boostercomms.c"
 Parameters:    Size  Location     Type
  boosterNumbe    1    wreg     unsigned char 
 Auto vars:     Size  Location     Type
  boosterNumbe    1    0[COMRAM] unsigned char 
 Return value:  Size  Location     Type
                  1    wreg      void 
 Registers used:
		wreg, fsr2l, fsr2h, status,2, status,0, prodl, prodh
 Tracked objects:
		On entry : 
		On exit  : 
		Unchanged: 
 Data sizes:     COMRAM   BANK2   BANK3   BANK4   BANK5   BANK6   BANK7   BANK8   BANK9  BANK10  BANK11  BANK12  BANK13  BANK14
      Params:         0       0       0       0       0       0       0       0       0       0       0       0       0       0
      Locals:         1       0       0       0       0       0       0       0       0       0       0       0       0       0
      Temps:          0       0       0       0       0       0       0       0       0       0       0       0       0       0
      Totals:         1       0       0       0       0       0       0       0       0       0       0       0       0       0
Total ram usage:        1 bytes
 Hardware stack levels used:    1
 This function calls:
		Nothing
 This function is called by:
		_ProcessRXFrame
		_QueryWinSerial
		i2_ResetBoosterStates
 This function uses a non-reentrant model


 *************** function i2_ClearPastValue *****************
 Defined at:
		line 272 in file "mastercomms.c"
 Parameters:    Size  Location     Type
  valuePosUC      1    wreg     unsigned char 
 Auto vars:     Size  Location     Type
  valuePosUC      1    0[COMRAM] unsigned char 
 Return value:  Size  Location     Type
                  1    wreg      void 
 Registers used:
		wreg, fsr2l, fsr2h, status,2, status,0, prodl, prodh
 Tracked objects:
		On entry : 
		On exit  : 
		Unchanged: 
 Data sizes:     COMRAM   BANK2   BANK3   BANK4   BANK5   BANK6   BANK7   BANK8   BANK9  BANK10  BANK11  BANK12  BANK13  BANK14
      Params:         0       0       0       0       0       0       0       0       0       0       0       0       0       0
      Locals:         1       0       0       0       0       0       0       0       0       0       0       0       0       0
      Temps:          0       0       0       0       0       0       0       0       0       0       0       0       0       0
      Totals:         1       0       0       0       0       0       0       0       0       0       0       0       0       0
Total ram usage:        1 bytes
 Hardware stack levels used:    1
 This function calls:
		Nothing
 This function is called by:
		_ProcessRXFrame
		_QueryWinSerial
		i2_ClearPastValues
 This function uses a non-reentrant model


 *************** function _LowestMissingSerial *****************
 Defined at:
		line 741 in file "boostercomms.c"
 Parameters:    Size  Location     Type
		None
 Auto vars:     Size  Location     Type
		None
 Return value:  Size  Location     Type
                  1    wreg      unsigned char 
 Registers used:
		wreg, fsr2l, fsr2h, status,2, status,0, prodl, prodh
 Tracked objects:
		On entry : 
		On exit  : 
		Unchanged: 
 Data sizes:     COMRAM   BANK2   BANK3   BANK4   BANK5   BANK6   BANK7   BANK8   BANK9  BANK10  BANK11  BANK12  BANK13  BANK14
      Params:         0       0       0       0       0       0       0       0       0       0       0       0       0       0
      Locals:         0       0       0       0       0       0       0       0       0       0       0       0       0       0
      Temps:          2       0       0       0       0       0       0       0       0       0       0       0       0       0
      Totals:         2       0       0       0       0       0       0       0       0       0       0       0       0       0
Total ram usage:        2 bytes
 Hardware stack levels used:    1
 This function calls:
		Nothing
 This function is called by:
		_QueryWinSerial
		_BoosterCommsDispatcher
 This function uses a non-reentrant model


 *************** function _BoosterCommandStart *****************
 Defined at:
		line 473 in file "boostercomms.c"
 Parameters:    Size  Location     Type
  destSerialUS    2    6[COMRAM] unsigned short 
  destCommandU    1    8[COMRAM] unsigned char 
  destPayloadU    1    9[COMRAM] unsigned char 
 Auto vars:     Size  Location     Type
		None
 Return value:  Size  Location     Type
                  1    wreg      void 
 Registers used:
		wreg, status,2, status,0, cstack
 Tracked objects:
		On entry : 
		On exit  : 
		Unchanged: 
 Data sizes:     COMRAM   BANK2   BANK3   BANK4   BANK5   BANK6   BANK7   BANK8   BANK9  BANK10  BANK11  BANK12  BANK13  BANK14
      Params:         4       0       0       0       0       0       0       0       0       0       0       0       0       0
      Locals:         0       0       0       0       0       0       0       0       0       0       0       0       0       0
      Temps:         11       0       0       0       0       0       0       0       0       0       0       0       0       0
      Totals:        15       0       0       0       0       0       0       0       0       0       0       0       0       0
Total ram usage:       15 bytes
 Hardware stack levels used:    1
 Hardware stack levels required when called:    1
 This function calls:
		_BoosterCommsActive
		_CheckBoosterRXParity
 This function is called by:
		_WindowIDBacktrack
		_AssignWindowID
		_AssignSerialNumber
		_SetWindowID
		_QueryWinSerial
		_RunBLCalibration
 This function uses a non-reentrant model


 *************** function _CheckBoosterRXParity *****************
 Defined at:
		line 493 in file "boostercomms.c"
 Parameters:    Size  Location     Type
  recvFrameUS     2    0[COMRAM] unsigned short 
 Auto vars:     Size  Location     Type
  tmpRecvFrame    2    2[COMRAM] unsigned short 
  bitCountUC      1    5[COMRAM] unsigned char 
  bitParityUC     1    4[COMRAM] unsigned char 
 Return value:  Size  Location     Type
                  1    wreg      unsigned char 
 Registers used:
		wreg, status,2, status,0
 Tracked objects:
		On entry : 
		On exit  : 
		Unchanged: 
 Data sizes:     COMRAM   BANK2   BANK3   BANK4   BANK5   BANK6   BANK7   BANK8   BANK9  BANK10  BANK11  BANK12  BANK13  BANK14
      Params:         2       0       0       0       0       0       0       0       0       0       0       0       0       0
      Locals:         4       0       0       0       0       0       0       0       0       0       0       0       0       0
      Temps:          0       0       0       0       0       0       0       0       0       0       0       0       0       0
      Totals:         6       0       0       0       0       0       0       0       0       0       0       0       0       0
Total ram usage:        6 bytes
 Hardware stack levels used:    1
 This function calls:
		Nothing
 This function is called by:
		_BoosterCommandStart
		_ProcessRXFrame
 This function uses a non-reentrant model


 *************** function _NewBoosterAdded *****************
 Defined at:
		line 617 in file "boostercomms.c"
 Parameters:    Size  Location     Type
		None
 Auto vars:     Size  Location     Type
		None
 Return value:  Size  Location     Type
                  1    wreg      unsigned char 
 Registers used:
		wreg, fsr2l, fsr2h, status,2, status,0, prodl, prodh, cstack
 Tracked objects:
		On entry : 
		On exit  : 
		Unchanged: 
 Data sizes:     COMRAM   BANK2   BANK3   BANK4   BANK5   BANK6   BANK7   BANK8   BANK9  BANK10  BANK11  BANK12  BANK13  BANK14
      Params:         0       0       0       0       0       0       0       0       0       0       0       0       0       0
      Locals:         0       0       0       0       0       0       0       0       0       0       0       0       0       0
      Temps:          1       0       0       0       0       0       0       0       0       0       0       0       0       0
      Totals:         1       0       0       0       0       0       0       0       0       0       0       0       0       0
Total ram usage:        1 bytes
 Hardware stack levels used:    1
 Hardware stack levels required when called:    1
 This function calls:
		_LowestIdleWindow
 This function is called by:
		_BoosterCommsDispatcher
 This function uses a non-reentrant model


 *************** function _LowestIdleWindow *****************
 Defined at:
		line 607 in file "boostercomms.c"
 Parameters:    Size  Location     Type
		None
 Auto vars:     Size  Location     Type
  boosterCount    1    2[COMRAM] unsigned char 
 Return value:  Size  Location     Type
                  1    wreg      unsigned char 
 Registers used:
		wreg, fsr2l, fsr2h, status,2, status,0, prodl, prodh
 Tracked objects:
		On entry : 
		On exit  : 
		Unchanged: 
 Data sizes:     COMRAM   BANK2   BANK3   BANK4   BANK5   BANK6   BANK7   BANK8   BANK9  BANK10  BANK11  BANK12  BANK13  BANK14
      Params:         0       0       0       0       0       0       0       0       0       0       0       0       0       0
      Locals:         1       0       0       0       0       0       0       0       0       0       0       0       0       0
      Temps:          2       0       0       0       0       0       0       0       0       0       0       0       0       0
      Totals:         3       0       0       0       0       0       0       0       0       0       0       0       0       0
Total ram usage:        3 bytes
 Hardware stack levels used:    1
 This function calls:
		Nothing
 This function is called by:
		_NewBoosterAdded
		_AssignWindowID
 This function uses a non-reentrant model


 *************** function _CheckDataCollision *****************
 Defined at:
		line 596 in file "boostercomms.c"
 Parameters:    Size  Location     Type
		None
 Auto vars:     Size  Location     Type
  boosterCount    1    0[COMRAM] unsigned char 
 Return value:  Size  Location     Type
                  1    wreg      unsigned char 
 Registers used:
		wreg, fsr2l, fsr2h, status,2, status,0, prodl, prodh
 Tracked objects:
		On entry : 
		On exit  : 
		Unchanged: 
 Data sizes:     COMRAM   BANK2   BANK3   BANK4   BANK5   BANK6   BANK7   BANK8   BANK9  BANK10  BANK11  BANK12  BANK13  BANK14
      Params:         0       0       0       0       0       0       0       0       0       0       0       0       0       0
      Locals:         1       0       0       0       0       0       0       0       0       0       0       0       0       0
      Temps:          0       0       0       0       0       0       0       0       0       0       0       0       0       0
      Totals:         1       0       0       0       0       0       0       0       0       0       0       0       0       0
Total ram usage:        1 bytes
 Hardware stack levels used:    1
 This function calls:
		Nothing
 This function is called by:
		_BoosterCommsDispatcher
 This function uses a non-reentrant model


 *************** function _BoosterQueryStart *****************
 Defined at:
		line 464 in file "boostercomms.c"
 Parameters:    Size  Location     Type
  queryValUC      1    wreg     unsigned char 
 Auto vars:     Size  Location     Type
  queryValUC      1    0[COMRAM] unsigned char 
 Return value:  Size  Location     Type
                  1    wreg      void 
 Registers used:
		wreg, status,2, status,0, cstack
 Tracked objects:
		On entry : 
		On exit  : 
		Unchanged: 
 Data sizes:     COMRAM   BANK2   BANK3   BANK4   BANK5   BANK6   BANK7   BANK8   BANK9  BANK10  BANK11  BANK12  BANK13  BANK14
      Params:         0       0       0       0       0       0       0       0       0       0       0       0       0       0
      Locals:         1       0       0       0       0       0       0       0       0       0       0       0       0       0
      Temps:          0       0       0       0       0       0       0       0       0       0       0       0       0       0
      Totals:         1       0       0       0       0       0       0       0       0       0       0       0       0       0
Total ram usage:        1 bytes
 Hardware stack levels used:    1
 Hardware stack levels required when called:    1
 This function calls:
		_BoosterCommsActive
 This function is called by:
		_BoosterCommsDispatcher
 This function uses a non-reentrant model


 *************** function _BoosterCommsActive *****************
 Defined at:
		line 458 in file "boostercomms.c"
 Parameters:    Size  Location     Type
		None
 Auto vars:     Size  Location     Type
		None
 Return value:  Size  Location     Type
                  1    wreg      unsigned char 
 Registers used:
		wreg, status,2
 Tracked objects:
		On entry : 
		On exit  : 
		Unchanged: 
 Data sizes:     COMRAM   BANK2   BANK3   BANK4   BANK5   BANK6   BANK7   BANK8   BANK9  BANK10  BANK11  BANK12  BANK13  BANK14
      Params:         0       0       0       0       0       0       0       0       0       0       0       0       0       0
      Locals:         0       0       0       0       0       0       0       0       0       0       0       0       0       0
      Temps:          0       0       0       0       0       0       0       0       0       0       0       0       0       0
      Totals:         0       0       0       0       0       0       0       0       0       0       0       0       0       0
Total ram usage:        0 bytes
 Hardware stack levels used:    1
 This function calls:
		Nothing
 This function is called by:
		_BoosterQueryStart
		_BoosterCommandStart
		_BoosterCommsDispatcher
 This function uses a non-reentrant model



MODULE INFORMATION

Module		Function		Class		Link	Load	Size
boostercomms.c
		_WindowIDBacktrack		CODE           	9662	0000	453
		_CheckDataCollision		CODE           	B3B4	0000	47
		_BoosterDataCommandComms		CODE           	81DA	0000	2083
		_LowestIdleWindow		CODE           	B328	0000	49
		_CheckBoosterRXParity		CODE           	B2F6	0000	51
		_SetWindowID   		CODE           	91D8	0000	623
		_BoosterQueryStart		CODE           	B45A	0000	39
		_BoosterCommsDispatcher		CODE           	A27A	0000	233
		_SetCommsLow   		CODE           	B66E	0000	7
		_ResetBoosterStates		CODE           	B4DC	0000	31
		_AssignSerialNumber		CODE           	B480	0000	33
		_BoosterCommsActive		CODE           	B5E8	0000	17
		_SetCommsHigh  		CODE           	B662	0000	7
		_BoosterCommandStart		CODE           	A7C4	0000	165
		_LowestMissingSerial		CODE           	AE6E	0000	87
		_NewBoosterAdded		CODE           	B518	0000	31
		_AssignWindowID		CODE           	AE16	0000	89
		_QueryWinSerial		CODE           	9826	0000	407
		_ResetSingleBoosterState		CODE           	A362	0000	209
		_CheckLineFault		CODE           	9C48	0000	309
		_ProcessRXFrame		CODE           	8E02	0000	983

boostercomms.c estimated size: 5953

crc16.c
		_CRC16         		CODE           	9B14	0000	309

crc16.c estimated size: 309

shared
		i2_FlashEraseBlock		CODE           	B3E2	0000	45
		i2_ResetBoosterStates		CODE           	B59A	0000	23
		i2_ResetSingleBoosterState		CODE           	A500	0000	189
		i2_ClearPastValue		CODE           	AC9E	0000	101
		i2_ClearPastValues		CODE           	B584	0000	23
		i2_WriteFlashValues		CODE           	B1B4	0000	59
		__initialization		CODE           	AF16	0000	61
		i2_ForceFiringMode		CODE           	B0FC	0000	65
		i2_SetCommsHigh		CODE           	B668	0000	7
		i2_FlashWriteWord		CODE           	B226	0000	57
		i2_FlashUnlockSequence		CODE           	B646	0000	13

shared estimated size: 643

mastercomms.c
		_SetIsolationRelay		CODE           	B292	0000	51
		_MangleSerial  		CODE           	9D7C	0000	269
		_ReturnBoosterData		CODE           	89FC	0000	1031
		_SavePacketNumber		CODE           	ABBC	0000	117
		_CollisionCheck		CODE           	B1EE	0000	57
		_ClearPastValues		CODE           	B4BE	0000	31
		_GetPacketSlot 		CODE           	AFAA	0000	71
		_UpdatePacketNumber		CODE           	A868	0000	161
		_ClearPacketNumbers		CODE           	AF60	0000	75
		_CreateAndSend 		CODE           	AB48	0000	117
		_ProcessMasterComms		CODE           	9446	0000	541
		_ProcessSerialCMD		CODE           	A432	0000	207
		_SetSerialNumber		CODE           	9E88	0000	267
		_GetLastPacketNumber		CODE           	AD02	0000	99
		_ForceFiringMode		CODE           	AFF0	0000	71
		_IdlePacketSlot		CODE           	B13C	0000	61
		_ProcessPingCMD		CODE           	B386	0000	47
		_ClearPastValue		CODE           	AC30	0000	111

mastercomms.c estimated size: 3384

peripherals.c
		_readRegisterFromProgram		CODE           	AEC4	0000	83
		_PPSUnlockFunc 		CODE           	B5C4	0000	19
		_getSerialFromMemory		CODE           	B358	0000	47
		_writeRegisterToProgram		CODE           	AA38	0000	145
		_WaitTickCount 		CODE           	B4FA	0000	31
		_ReadFlashValues		CODE           	A672	0000	175
		_InitEarthLeakage		CODE           	B552	0000	27
		_PPSLockFunc   		CODE           	B5D6	0000	19
		_WaitNewTick   		CODE           	B63A	0000	13
		_ReadEarthLeakage		CODE           	AD64	0000	91
		_FlashWriteWord		CODE           	B0BC	0000	65
		_writeBootloaderState		CODE           	ADBE	0000	89
		_FlashUnlockSequence		CODE           	B62E	0000	13
		_FlashEraseBlock		CODE           	B25E	0000	53
		_ReadAnalogVoltage		CODE           	B07A	0000	67
		_WriteFlashValues		CODE           	B036	0000	69
		_ReadKeySwitch 		CODE           	B2C4	0000	51
		_FlashReadAddress		CODE           	B5B0	0000	21

peripherals.c estimated size: 1078

C:\Program Files (x86)\Microchip\xc8\v1.42\sources\common\Umul16.c
		___wmul        		CODE           	B434	0000	39

C:\Program Files (x86)\Microchip\xc8\v1.42\sources\common\Umul16.c estimated size: 39

main.c
		_InitST7540Wrapper		CODE           	B40E	0000	39
		_main          		CODE           	B4A0	0000	31
		_isr           		CODE           	8108	0000	207
		_InitStates    		CODE           	B606	0000	15
		_InitSystem    		CODE           	AAC8	0000	129

main.c estimated size: 421

ST7540.c
		_DataReadyST7540		CODE           	B65A	0000	9
		_PacketDataST7540		CODE           	B5F8	0000	15
		_CreateMessageST7540		CODE           	9F92	0000	261
		_ReceiveNewDataST7540		CODE           	B56C	0000	25
		_StartTransmitST7540		CODE           	B536	0000	29
		_PacketReadParamST7540		CODE           	A192	0000	233
		_RetransmitMessageSt7540		CODE           	A908	0000	153
		_SPIISRHandlerST7540		CODE           	A9A0	0000	153
		_InitST7540    		CODE           	A096	0000	253
		_TransmitBusyST7540		CODE           	B652	0000	9
		_ReadConfigST7540		CODE           	99BC	0000	345
		_RXReadyISRHandlerST7540		CODE           	B614	0000	15
		_WriteConfigST7540		CODE           	A720	0000	165
		_CheckCRCST7540		CODE           	A5BC	0000	183
		_LineIdleST7540		CODE           	B622	0000	13
		_InitST7540Pins		CODE           	B178	0000	61

ST7540.c estimated size: 1922

